Component: ARM Compiler 5.06 update 2 (build 183) Tool: armlink [4d35b7]

==============================================================================

Section Cross References

    sd_diskio.o(i.SD_initialize) refers to bsp_driver_sd.o(i.BSP_SD_Init) for BSP_SD_Init
    sd_diskio.o(i.SD_initialize) refers to sd_diskio.o(.data) for Stat
    sd_diskio.o(i.SD_ioctl) refers to bsp_driver_sd.o(i.BSP_SD_GetCardInfo) for BSP_SD_GetCardInfo
    sd_diskio.o(i.SD_ioctl) refers to sd_diskio.o(.data) for Stat
    sd_diskio.o(i.SD_read) refers to bsp_driver_sd.o(i.BSP_SD_ReadBlocks) for BSP_SD_ReadBlocks
    sd_diskio.o(i.SD_read) refers to bsp_driver_sd.o(i.BSP_SD_GetCardState) for BSP_SD_GetCardState
    sd_diskio.o(i.SD_status) refers to bsp_driver_sd.o(i.BSP_SD_GetCardState) for BSP_SD_GetCardState
    sd_diskio.o(i.SD_status) refers to sd_diskio.o(.data) for Stat
    sd_diskio.o(i.SD_write) refers to bsp_driver_sd.o(i.BSP_SD_WriteBlocks) for BSP_SD_WriteBlocks
    sd_diskio.o(i.SD_write) refers to bsp_driver_sd.o(i.BSP_SD_GetCardState) for BSP_SD_GetCardState
    sd_diskio.o(.constdata) refers to sd_diskio.o(i.SD_initialize) for SD_initialize
    sd_diskio.o(.constdata) refers to sd_diskio.o(i.SD_status) for SD_status
    sd_diskio.o(.constdata) refers to sd_diskio.o(i.SD_read) for SD_read
    sd_diskio.o(.constdata) refers to sd_diskio.o(i.SD_write) for SD_write
    sd_diskio.o(.constdata) refers to sd_diskio.o(i.SD_ioctl) for SD_ioctl
    diskio.o(i.disk_initialize) refers to ff_gen_drv.o(.bss) for disk
    diskio.o(i.disk_ioctl) refers to ff_gen_drv.o(.bss) for disk
    diskio.o(i.disk_read) refers to ff_gen_drv.o(.bss) for disk
    diskio.o(i.disk_status) refers to ff_gen_drv.o(.bss) for disk
    diskio.o(i.disk_write) refers to ff_gen_drv.o(.bss) for disk
    ff.o(i.check_fs) refers to ff.o(i.move_window) for move_window
    ff.o(i.chk_lock) refers to ff.o(.bss) for Files
    ff.o(i.clear_lock) refers to ff.o(.bss) for Files
    ff.o(i.cmp_lfn) refers to cc936.o(i.ff_wtoupper) for ff_wtoupper
    ff.o(i.cmp_lfn) refers to ff.o(.constdata) for LfnOfs
    ff.o(i.create_chain) refers to ff.o(i.get_fat) for get_fat
    ff.o(i.create_chain) refers to ff.o(i.put_fat) for put_fat
    ff.o(i.create_name) refers to cc936.o(i.ff_convert) for ff_convert
    ff.o(i.create_name) refers to ff.o(i.chk_chr) for chk_chr
    ff.o(i.create_name) refers to ff.o(i.mem_set) for mem_set
    ff.o(i.create_name) refers to cc936.o(i.ff_wtoupper) for ff_wtoupper
    ff.o(i.dec_lock) refers to ff.o(.bss) for Files
    ff.o(i.dir_alloc) refers to ff.o(i.dir_sdi) for dir_sdi
    ff.o(i.dir_alloc) refers to ff.o(i.move_window) for move_window
    ff.o(i.dir_alloc) refers to ff.o(i.dir_next) for dir_next
    ff.o(i.dir_find) refers to ff.o(i.dir_sdi) for dir_sdi
    ff.o(i.dir_find) refers to ff.o(i.move_window) for move_window
    ff.o(i.dir_find) refers to ff.o(i.cmp_lfn) for cmp_lfn
    ff.o(i.dir_find) refers to ff.o(i.sum_sfn) for sum_sfn
    ff.o(i.dir_find) refers to ff.o(i.mem_cmp) for mem_cmp
    ff.o(i.dir_find) refers to ff.o(i.dir_next) for dir_next
    ff.o(i.dir_next) refers to ff.o(i.get_fat) for get_fat
    ff.o(i.dir_next) refers to ff.o(i.create_chain) for create_chain
    ff.o(i.dir_next) refers to ff.o(i.sync_window) for sync_window
    ff.o(i.dir_next) refers to ff.o(i.mem_set) for mem_set
    ff.o(i.dir_next) refers to ff.o(i.clust2sect) for clust2sect
    ff.o(i.dir_read) refers to ff.o(i.move_window) for move_window
    ff.o(i.dir_read) refers to ff.o(i.pick_lfn) for pick_lfn
    ff.o(i.dir_read) refers to ff.o(i.sum_sfn) for sum_sfn
    ff.o(i.dir_read) refers to ff.o(i.dir_next) for dir_next
    ff.o(i.dir_register) refers to ff.o(i.mem_cpy) for mem_cpy
    ff.o(i.dir_register) refers to ff.o(i.gen_numname) for gen_numname
    ff.o(i.dir_register) refers to ff.o(i.dir_find) for dir_find
    ff.o(i.dir_register) refers to ff.o(i.dir_alloc) for dir_alloc
    ff.o(i.dir_register) refers to ff.o(i.dir_sdi) for dir_sdi
    ff.o(i.dir_register) refers to ff.o(i.sum_sfn) for sum_sfn
    ff.o(i.dir_register) refers to ff.o(i.move_window) for move_window
    ff.o(i.dir_register) refers to ff.o(i.fit_lfn) for fit_lfn
    ff.o(i.dir_register) refers to ff.o(i.dir_next) for dir_next
    ff.o(i.dir_register) refers to ff.o(i.mem_set) for mem_set
    ff.o(i.dir_remove) refers to ff.o(i.dir_sdi) for dir_sdi
    ff.o(i.dir_remove) refers to ff.o(i.move_window) for move_window
    ff.o(i.dir_remove) refers to ff.o(i.mem_set) for mem_set
    ff.o(i.dir_remove) refers to ff.o(i.dir_next) for dir_next
    ff.o(i.dir_sdi) refers to ff.o(i.get_fat) for get_fat
    ff.o(i.dir_sdi) refers to ff.o(i.clust2sect) for clust2sect
    ff.o(i.enq_lock) refers to ff.o(.bss) for Files
    ff.o(i.f_chmod) refers to ff.o(i.find_volume) for find_volume
    ff.o(i.f_chmod) refers to syscall.o(i.ff_memalloc) for ff_memalloc
    ff.o(i.f_chmod) refers to ff.o(i.unlock_fs) for unlock_fs
    ff.o(i.f_chmod) refers to ff.o(i.follow_path) for follow_path
[...]
    RTC_ByteToBcd2                           0x0800bbaf   Thumb Code    26  stm32f4xx_hal_rtc.o(i.RTC_ByteToBcd2)
    RTC_EnterInitMode                        0x0800bbc9   Thumb Code    62  stm32f4xx_hal_rtc.o(i.RTC_EnterInitMode)
    RollStabilizerBarSteeringEngineTask      0x0800bc09   Thumb Code   160  freertos.o(i.RollStabilizerBarSteeringEngineTask)
    SDIO_ConfigData                          0x0800bcbd   Thumb Code    44  stm32f4xx_ll_sdmmc.o(i.SDIO_ConfigData)
    SDIO_GetCommandResponse                  0x0800bce9   Thumb Code     8  stm32f4xx_ll_sdmmc.o(i.SDIO_GetCommandResponse)
    SDIO_GetPowerState                       0x0800bcf1   Thumb Code    10  stm32f4xx_ll_sdmmc.o(i.SDIO_GetPowerState)
    SDIO_GetResponse                         0x0800bcfb   Thumb Code    22  stm32f4xx_ll_sdmmc.o(i.SDIO_GetResponse)
    SDIO_IRQHandler                          0x0800bd11   Thumb Code    10  stm32f4xx_it.o(i.SDIO_IRQHandler)
    SDIO_Init                                0x0800bd21   Thumb Code    52  stm32f4xx_ll_sdmmc.o(i.SDIO_Init)
    SDIO_PowerState_ON                       0x0800bd55   Thumb Code    10  stm32f4xx_ll_sdmmc.o(i.SDIO_PowerState_ON)
    SDIO_ReadFIFO                            0x0800bd5f   Thumb Code     8  stm32f4xx_ll_sdmmc.o(i.SDIO_ReadFIFO)
    SDIO_SendCommand                         0x0800bd67   Thumb Code    40  stm32f4xx_ll_sdmmc.o(i.SDIO_SendCommand)
    SDIO_WriteFIFO                           0x0800bd8f   Thumb Code    12  stm32f4xx_ll_sdmmc.o(i.SDIO_WriteFIFO)
    SDMMC_CmdAppCommand                      0x0800bd9b   Thumb Code    58  stm32f4xx_ll_sdmmc.o(i.SDMMC_CmdAppCommand)
    SDMMC_CmdAppOperCommand                  0x0800bdd5   Thumb Code    56  stm32f4xx_ll_sdmmc.o(i.SDMMC_CmdAppOperCommand)
    SDMMC_CmdBlockLength                     0x0800be11   Thumb Code    58  stm32f4xx_ll_sdmmc.o(i.SDMMC_CmdBlockLength)
    SDMMC_CmdBusWidth                        0x0800be4b   Thumb Code    58  stm32f4xx_ll_sdmmc.o(i.SDMMC_CmdBusWidth)
    SDMMC_CmdGoIdleState                     0x0800be85   Thumb Code    46  stm32f4xx_ll_sdmmc.o(i.SDMMC_CmdGoIdleState)
    SDMMC_CmdOperCond                        0x0800beb3   Thumb Code    54  stm32f4xx_ll_sdmmc.o(i.SDMMC_CmdOperCond)
    SDMMC_CmdReadMultiBlock                  0x0800bee9   Thumb Code    58  stm32f4xx_ll_sdmmc.o(i.SDMMC_CmdReadMultiBlock)
    SDMMC_CmdReadSingleBlock                 0x0800bf23   Thumb Code    58  stm32f4xx_ll_sdmmc.o(i.SDMMC_CmdReadSingleBlock)
    SDMMC_CmdSelDesel                        0x0800bf5d   Thumb Code    60  stm32f4xx_ll_sdmmc.o(i.SDMMC_CmdSelDesel)
    SDMMC_CmdSendCID                         0x0800bf99   Thumb Code    52  stm32f4xx_ll_sdmmc.o(i.SDMMC_CmdSendCID)
    SDMMC_CmdSendCSD                         0x0800bfcd   Thumb Code    52  stm32f4xx_ll_sdmmc.o(i.SDMMC_CmdSendCSD)
    SDMMC_CmdSendSCR                         0x0800c001   Thumb Code    58  stm32f4xx_ll_sdmmc.o(i.SDMMC_CmdSendSCR)
    SDMMC_CmdSendStatus                      0x0800c03b   Thumb Code    58  stm32f4xx_ll_sdmmc.o(i.SDMMC_CmdSendStatus)
    SDMMC_CmdSetRelAdd                       0x0800c075   Thumb Code    58  stm32f4xx_ll_sdmmc.o(i.SDMMC_CmdSetRelAdd)
    SDMMC_CmdStopTransfer                    0x0800c0b1   Thumb Code    56  stm32f4xx_ll_sdmmc.o(i.SDMMC_CmdStopTransfer)
    SDMMC_CmdWriteMultiBlock                 0x0800c0ed   Thumb Code    58  stm32f4xx_ll_sdmmc.o(i.SDMMC_CmdWriteMultiBlock)
    SDMMC_CmdWriteSingleBlock                0x0800c127   Thumb Code    58  stm32f4xx_ll_sdmmc.o(i.SDMMC_CmdWriteSingleBlock)
    SD_initialize                            0x0800c9f9   Thumb Code    34  sd_diskio.o(i.SD_initialize)
    SD_ioctl                                 0x0800ca21   Thumb Code   100  sd_diskio.o(i.SD_ioctl)
    SD_read                                  0x0800ca89   Thumb Code    64  sd_diskio.o(i.SD_read)
    SD_status                                0x0800cad1   Thumb Code    34  sd_diskio.o(i.SD_status)
    SD_write                                 0x0800caf9   Thumb Code    64  sd_diskio.o(i.SD_write)
    SendDataToEEPROM                         0x0800cc15   Thumb Code    62  hostpcdebug_at24cxxmem.o(i.SendDataToEEPROM)
    SendLabviewModule2Data_Period100Task     0x0800cc59   Thumb Code    10  hostpcdebug_at24cxxmem.o(i.SendLabviewModule2Data_Period100Task)
    SendLabviewModule2Data_Period20Task      0x0800cc63   Thumb Code    10  hostpcdebug_at24cxxmem.o(i.SendLabviewModule2Data_Period20Task)
    SendLabviewModule3Data_Period100Task     0x0800cc6d   Thumb Code    76  hostpcdisplay.o(i.SendLabviewModule3Data_Period100Task)
    SendLabviewReadbackData_Period50Task     0x0800ccb9   Thumb Code    12  hostpcdebug_at24cxxmem.o(i.SendLabviewReadbackData_Period50Task)
    Set_CAN_Analysis_Data                    0x0800d051   Thumb Code   110  can.o(i.Set_CAN_Analysis_Data)
    Set_CarSpeed_Mileage_SlipRate_Data       0x0800d0c1   Thumb Code    44  data_generic.o(i.Set_CarSpeed_Mileage_SlipRate_Data)
    Set_DRSState_Data                        0x0800d0f1   Thumb Code    12  data_generic.o(i.Set_DRSState_Data)
    Set_DRS_Data                             0x0800d101   Thumb Code    32  data_generic.o(i.Set_DRS_Data)
    Set_Fan_Speaker_Taillight_Pump_CtrlData  0x0800d125   Thumb Code    48  data_generic.o(i.Set_Fan_Speaker_Taillight_Pump_CtrlData)
    Set_IMDOpenOrClose_Data                  0x0800d159   Thumb Code    12  data_generic.o(i.Set_IMDOpenOrClose_Data)
    Set_Line_CornersTCSState_Data            0x0800d169   Thumb Code    22  data_generic.o(i.Set_Line_CornersTCSState_Data)
    Set_MotRun_BrakeReliab_Reserve_Data      0x0800d219   Thumb Code    48  data_generic.o(i.Set_MotRun_BrakeReliab_Reserve_Data)
    Set_MotorState_Data                      0x0800d24d   Thumb Code    12  data_generic.o(i.Set_MotorState_Data)
    Set_TCS_PID_OUT_Data                     0x0800d365   Thumb Code    18  hostpcdebug_at24cxxmem.o(i.Set_TCS_PID_OUT_Data)
    Set_Throttle_Brake_Interferingtate_Data  0x0800d37d   Thumb Code    12  data_generic.o(i.Set_Throttle_Brake_Interferingtate_Data)
    SuspensionLineShift_ZeroSettingTask      0x0800d525   Thumb Code    20  freertos.o(i.SuspensionLineShift_ZeroSettingTask)
    SysTick_Handler                          0x0800d539   Thumb Code    12  stm32f4xx_it.o(i.SysTick_Handler)
    SystemClock_Config                       0x0800d545   Thumb Code   214  main.o(i.SystemClock_Config)
    SystemInit                               0x0800d625   Thumb Code    82  system_stm32f4xx.o(i.SystemInit)
    TIM1_UP_TIM10_IRQHandler                 0x0800d689   Thumb Code    10  stm32f4xx_it.o(i.TIM1_UP_TIM10_IRQHandler)
    TIM3_IRQHandler                          0x0800d699   Thumb Code    10  stm32f4xx_it.o(i.TIM3_IRQHandler)
    TIM_Base_SetConfig                       0x0800d6a9   Thumb Code   184  stm32f4xx_hal_tim.o(i.TIM_Base_SetConfig)
    TIM_CCxChannelCmd                        0x0800d78d   Thumb Code    28  stm32f4xx_hal_tim.o(i.TIM_CCxChannelCmd)
    TIM_OC2_SetConfig                        0x0800d845   Thumb Code   112  stm32f4xx_hal_tim.o(i.TIM_OC2_SetConfig)
    ThrottleAndBrakes_FaultCheckTask         0x0800d9ed   Thumb Code  1062  freertos.o(i.ThrottleAndBrakes_FaultCheckTask)
    ThrottleTask                             0x0800de5d   Thumb Code   242  freertos.o(i.ThrottleTask)
    TractionControlModeJudgmentTask          0x0800df61   Thumb Code   174  freertos.o(i.TractionControlModeJudgmentTask)
    UART4_IRQHandler                         0x0800e01d   Thumb Code    10  stm32f4xx_it.o(i.UART4_IRQHandler)
    USART1_IRQHandler                        0x0800e5e9   Thumb Code    10  stm32f4xx_it.o(i.USART1_IRQHandler)
    USART2_IRQHandler                        0x0800e5f9   Thumb Code    10  stm32f4xx_it.o(i.USART2_IRQHandler)
    USART6_IRQHandler                        0x0800e609   Thumb Code    10  stm32f4xx_it.o(i.USART6_IRQHandler)
    UsageFault_Handler                       0x0800e619   Thumb Code     4  stm32f4xx_it.o(i.UsageFault_Handler)
    WirelessModule2_FREERTOS_Init            0x0800e649   Thumb Code    76  hostpcdisplay.o(i.WirelessModule2_FREERTOS_Init)
    Wireless_FREERTOS_Init                   0x0800e6a5   Thumb Code   218  hostpcdebug_at24cxxmem.o(i.Wireless_FREERTOS_Init)
    Wireless_ReceiveLabview_SendMemTask      0x0800e7f9   Thumb Code    52  hostpcdebug_at24cxxmem.o(i.Wireless_ReceiveLabview_SendMemTask)
    Wireless_Transmit1And2_LabviewTask       0x0800e839   Thumb Code   154  hostpcdebug_at24cxxmem.o(i.Wireless_Transmit1And2_LabviewTask)
    Wireless_Transmit3_LabviewTask           0x0800e8dd   Thumb Code   150  hostpcdisplay.o(i.Wireless_Transmit3_LabviewTask)
    __hardfp_fabs                            0x0800e97d   Thumb Code    20  fabs.o(i.__hardfp_fabs)
    __scatterload_copy                       0x0800e991   Thumb Code    14  handlers.o(i.__scatterload_copy)
    __scatterload_null                       0x0800e99f   Thumb Code     2  handlers.o(i.__scatterload_null)
    __scatterload_zeroinit                   0x0800e9a1   Thumb Code    14  handlers.o(i.__scatterload_zeroinit)
    free                                     0x0800e9b1   Thumb Code    76  malloc.o(i.free)
    main                                     0x0800ea01   Thumb Code   100  main.o(i.main)
    malloc                                   0x0800ea75   Thumb Code    92  malloc.o(i.malloc)
    osDelay                                  0x0800eb95   Thumb Code    24  cmsis_os.o(i.osDelay)
    osKernelStart                            0x0800ebad   Thumb Code    10  cmsis_os.o(i.osKernelStart)
    osMessageCreate                          0x0800ebb7   Thumb Code    18  cmsis_os.o(i.osMessageCreate)
    osSystickHandler                         0x0800ebc9   Thumb Code    16  cmsis_os.o(i.osSystickHandler)
    osThreadCreate                           0x0800ebd9   Thumb Code    48  cmsis_os.o(i.osThreadCreate)
    pvPortMalloc                             0x0800f5dd   Thumb Code   296  heap_4.o(i.pvPortMalloc)
    pvTaskIncrementMutexHeldCount            0x0800f719   Thumb Code    26  tasks.o(i.pvTaskIncrementMutexHeldCount)
    pxPortInitialiseStack                    0x0800f739   Thumb Code    38  port.o(i.pxPortInitialiseStack)
    ulTaskNotifyTake                         0x0800f765   Thumb Code   108  tasks.o(i.ulTaskNotifyTake)
    uxListRemove                             0x0800f7d9   Thumb Code    40  list.o(i.uxListRemove)
    vApplicationIdleHook                     0x0800f801   Thumb Code    12  freertos.o(i.vApplicationIdleHook)
    vListInitialise                          0x0800f811   Thumb Code    26  list.o(i.vListInitialise)
    vListInitialiseItem                      0x0800f82b   Thumb Code     6  list.o(i.vListInitialiseItem)
    vListInsert                              0x0800f831   Thumb Code    52  list.o(i.vListInsert)
    vListInsertEnd                           0x0800f865   Thumb Code    24  list.o(i.vListInsertEnd)
    vPortEnterCritical                       0x0800f87d   Thumb Code    76  port.o(i.vPortEnterCritical)
    vPortExitCritical                        0x0800f8d1   Thumb Code    56  port.o(i.vPortExitCritical)
    vPortFree                                0x0800f90d   Thumb Code   140  heap_4.o(i.vPortFree)
    vPortSetupTimerInterrupt                 0x0800f9a1   Thumb Code    26  port.o(i.vPortSetupTimerInterrupt)
    vPortValidateInterruptPriority           0x0800f9c1   Thumb Code   106  port.o(i.vPortValidateInterruptPriority)
    vQueueAddToRegistry                      0x0800fa39   Thumb Code    38  queue.o(i.vQueueAddToRegistry)
    vQueueWaitForMessageRestricted           0x0800fa65   Thumb Code    74  queue.o(i.vQueueWaitForMessageRestricted)
    vTaskDelay                               0x0800fab1   Thumb Code    82  tasks.o(i.vTaskDelay)
    vTaskDelete                              0x0800fb0d   Thumb Code   202  tasks.o(i.vTaskDelete)
    vTaskMissedYield                         0x0800fc01   Thumb Code     8  tasks.o(i.vTaskMissedYield)
    vTaskNotifyGiveFromISR                   0x0800fc0d   Thumb Code   216  tasks.o(i.vTaskNotifyGiveFromISR)
    vTaskPlaceOnEventList                    0x0800fcfd   Thumb Code    52  tasks.o(i.vTaskPlaceOnEventList)
    vTaskPlaceOnEventListRestricted          0x0800fd35   Thumb Code    60  tasks.o(i.vTaskPlaceOnEventListRestricted)
    vTaskPriorityInherit                     0x0800fd75   Thumb Code   164  tasks.o(i.vTaskPriorityInherit)
    vTaskSetTimeOutState                     0x0800fe25   Thumb Code    38  tasks.o(i.vTaskSetTimeOutState)
    vTaskStartScheduler                      0x0800fe55   Thumb Code   118  tasks.o(i.vTaskStartScheduler)
    vTaskSuspendAll                          0x0800fee9   Thumb Code    12  tasks.o(i.vTaskSuspendAll)
    vTaskSwitchContext                       0x0800fef9   Thumb Code   118  tasks.o(i.vTaskSwitchContext)
    xPortGetFreeHeapSize                     0x0800ff85   Thumb Code     6  heap_4.o(i.xPortGetFreeHeapSize)
    xPortStartScheduler                      0x0800ff91   Thumb Code   288  port.o(i.xPortStartScheduler)
    xPortSysTickHandler                      0x080100cd   Thumb Code    46  port.o(i.xPortSysTickHandler)
    xQueueGenericCreate                      0x08010101   Thumb Code    88  queue.o(i.xQueueGenericCreate)
    xQueueGenericReceive                     0x08010159   Thumb Code   446  queue.o(i.xQueueGenericReceive)
    xQueueGenericReset                       0x0801031d   Thumb Code   146  queue.o(i.xQueueGenericReset)
    xQueueGenericSend                        0x080103b5   Thumb Code   420  queue.o(i.xQueueGenericSend)
    xQueueGenericSendFromISR                 0x0801055d   Thumb Code   248  queue.o(i.xQueueGenericSendFromISR)
    xTaskCheckForTimeOut                     0x08010655   Thumb Code   132  tasks.o(i.xTaskCheckForTimeOut)
    xTaskCreate                              0x080106e1   Thumb Code    96  tasks.o(i.xTaskCreate)
    xTaskGenericNotify                       0x08010741   Thumb Code   242  tasks.o(i.xTaskGenericNotify)
    xTaskGetSchedulerState                   0x08010845   Thumb Code    24  tasks.o(i.xTaskGetSchedulerState)
    xTaskGetTickCount                        0x08010865   Thumb Code     6  tasks.o(i.xTaskGetTickCount)
    xTaskIncrementTick                       0x08010871   Thumb Code   282  tasks.o(i.xTaskIncrementTick)
    xTaskNotifyWait                          0x080109b9   Thumb Code   150  tasks.o(i.xTaskNotifyWait)
    xTaskPriorityDisinherit                  0x08010a59   Thumb Code   188  tasks.o(i.xTaskPriorityDisinherit)
    xTaskRemoveFromEventList                 0x08010b21   Thumb Code   128  tasks.o(i.xTaskRemoveFromEventList)
    xTaskResumeAll                           0x08010bb9   Thumb Code   224  tasks.o(i.xTaskResumeAll)
    xTimerCreate                             0x08010cbd   Thumb Code    48  timers.o(i.xTimerCreate)
    xTimerCreateTimerTask                    0x08010ced   Thumb Code    66  timers.o(i.xTimerCreateTimerTask)
    xTimerGenericCommand                     0x08010d45   Thumb Code   126  timers.o(i.xTimerGenericCommand)
    SD_Driver                                0x08010dc8   Data          20  sd_diskio.o(.constdata)
    AHBPrescTable                            0x08011140   Data          16  system_stm32f4xx.o(.constdata)
    APBPrescTable                            0x08011150   Data           8  system_stm32f4xx.o(.constdata)
    Region$$Table$$Base                      0x080115c0   Number         0  anon$$obj.o(Region$$Table)
    Region$$Table$$Limit                     0x080115e0   Number         0  anon$$obj.o(Region$$Table)
    GPS_Status                               0x20000004   Data           1  gps_ublox_neo_m8n.o(.data)
    GPS_DataGenericTaskHandle                0x2000004c   Data           4  gps_ublox_neo_m8n.o(.data)
    DRS_Angle                                0x20000050   Data           8  data_generic.o(.data)
    Speaker_Taillight_Pump_Ctrl              0x20000058   Data           8  data_generic.o(.data)
    AccPeda_Open_Data                        0x20000060   Data           2  data_generic.o(.data)
    CarSpeed_Mileage_SlipRateGenericTaskHandle 0x20000064   Data           4  data_generic.o(.data)
    WirelessAnalysis_Data                    0x20000068   Data           5  hostpcdebug_at24cxxmem.o(.data)
    WirelessReceice_Data_OneByte             0x2000006d   Data           1  hostpcdebug_at24cxxmem.o(.data)
    TCS_PID_OUT_VIEW                         0x20000070   Data           4  hostpcdebug_at24cxxmem.o(.data)
    SuspensionLineShift_ADMiddle_For_Key_ZeroSetting 0x20000074   Data           8  hostpcdebug_at24cxxmem.o(.data)
    Wireless_ReceiveLabview_SendMemTaskHandle 0x2000007c   Data           4  hostpcdebug_at24cxxmem.o(.data)
    EEPROMMemoryTaskHandle                   0x20000080   Data           4  hostpcdebug_at24cxxmem.o(.data)
    EEPROMreadAndGenericDataTaskHandle       0x20000084   Data           4  hostpcdebug_at24cxxmem.o(.data)
    SendLabviewReadbackData_Period50TaskHandle 0x20000088   Data           4  hostpcdebug_at24cxxmem.o(.data)
    SendLabviewModule2Data_Period100TaskHandle 0x2000008c   Data           4  hostpcdebug_at24cxxmem.o(.data)
    SendLabviewModule2Data_Period20TaskHandle 0x20000090   Data           4  hostpcdebug_at24cxxmem.o(.data)
    Wireless_Transmit1And2_LabviewTaskHandle 0x20000094   Data           4  hostpcdebug_at24cxxmem.o(.data)
    EEPROMMemoryQueueHandle                  0x20000098   Data           4  hostpcdebug_at24cxxmem.o(.data)
    WirelessTransmit1And2_LabviewQueueHandle 0x2000009c   Data           4  hostpcdebug_at24cxxmem.o(.data)
    SendLabviewModule3Data_Period100TaskHandle 0x200000a4   Data           4  hostpcdisplay.o(.data)
    Wireless_Transmit3_LabviewTaskHandle     0x200000a8   Data           4  hostpcdisplay.o(.data)
    WirelessTransmit3_LabviewQueueHandle     0x200000ac   Data           4  hostpcdisplay.o(.data)
    pxCurrentTCB                             0x200000e8   Data           4  tasks.o(.data)
    retSD                                    0x20000124   Data           1  fatfs.o(.data)
    SD_Path                                  0x20000125   Data           4  fatfs.o(.data)
    ADValueGenericTaskHandle                 0x2000012c   Data           4  spi.o(.data)
    AMS_IMDReset_Input_INFO                  0x20000134   Data           1  can.o(.data)
    Pump_Speeker_State                       0x20000135   Data           5  can.o(.data)
    HCU_BMS_CMD                              0x2000013a   Data           2  can.o(.data)
    CAN1_ReceiveData_AnalysisTaskHandle      0x2000013c   Data           4  can.o(.data)
    CAN2_ReceiveData_AnalysisTaskHandle      0x20000140   Data           4  can.o(.data)
    CAN1_TransmitTaskHandle                  0x20000144   Data           4  can.o(.data)
    CAN2_TransmitTaskHandle                  0x20000148   Data           4  can.o(.data)
    CAN2_PeriodicSendTimer_Handle            0x2000014c   Data           4  can.o(.data)
    CAN1TransmitQueueHandle                  0x20000150   Data           4  can.o(.data)
    CAN2TransmitQueueHandle                  0x20000154   Data           4  can.o(.data)
    steering_engine1_pwm                     0x2000015c   Data           8  tim.o(.data)
    steering_engine2_pwm                     0x20000164   Data           8  tim.o(.data)
    PowerOnSelfTestTaskHandle                0x2000016c   Data           4  freertos.o(.data)
    FirstPowerOn_Mot_DisableTaskHandle       0x20000170   Data           4  freertos.o(.data)
    FirstPowerOn_Mot_EnableTaskHandle        0x20000174   Data           4  freertos.o(.data)
    CarRunningPowerOn_Mot_EnableTaskHandle   0x20000178   Data           4  freertos.o(.data)
    ThrottleAndBrakes_FaultCheckTaskHandle   0x2000017c   Data           4  freertos.o(.data)
    Brakes_FaultCheckTaskHandle              0x20000180   Data           4  freertos.o(.data)
    OffLine_Mot_FOR_FaultTaskHandle          0x20000184   Data           4  freertos.o(.data)
    OnLine_Mot_FOR_ClearFaultTaskHandle      0x20000188   Data           4  freertos.o(.data)
    ThrottleTaskHandle                       0x2000018c   Data           4  freertos.o(.data)
    LightsUpAfterBrakeTaskHandle             0x20000190   Data           4  freertos.o(.data)
    E_ABSTaskHandle                          0x20000194   Data           4  freertos.o(.data)
    MotController_CoolTaskHandle             0x20000198   Data           4  freertos.o(.data)
    TractionControlModeJudgmentTaskHandle    0x2000019c   Data           4  freertos.o(.data)
    Line_TractionControlTaskHandle           0x200001a0   Data           4  freertos.o(.data)
    RollStabilizerBarSteeringEngineTaskHandle 0x200001a4   Data           4  freertos.o(.data)
    DRSSteeringEngineTaskHandle              0x200001a8   Data           4  freertos.o(.data)
    SuspensionLineShift_ZeroSettingTaskHandle 0x200001ac   Data           4  freertos.o(.data)
    Mileage_SaveTaskHandle                   0x200001b0   Data           4  freertos.o(.data)
    Mileage_ClearTaskHandle                  0x200001b4   Data           4  freertos.o(.data)
    MotIGBTAndAir_DataGuardTaskHandle        0x200001b8   Data           4  freertos.o(.data)
    LeakageCurrentLimitProcessTaskHandle     0x200001bc   Data           4  freertos.o(.data)
    CAN1_OffLine_ProcessTaskHandle           0x200001c0   Data           4  freertos.o(.data)
    LEDTaskHandle                            0x200001c4   Data           4  freertos.o(.data)
    GPSTaskHandle                            0x200001c8   Data           4  freertos.o(.data)
    Fatfs_SDCardTaskHandle                   0x200001cc   Data           4  freertos.o(.data)
    ulIdleCycleCount                         0x200001d0   Data           4  freertos.o(.data)
    FreeMem                                  0x200001d4   Data           4  freertos.o(.data)
    res                                      0x200001d8   Data           1  freertos.o(.data)
    byteswritten                             0x200001dc   Data           4  freertos.o(.data)
    bytesread                                0x200001e0   Data           4  freertos.o(.data)
    wtext                                    0x200001e4   Data          35  freertos.o(.data)
    TCS_pid_Out                              0x20000208   Data           4  freertos.o(.data)
    TCS_Adjust_Ability                       0x2000020c   Data           4  freertos.o(.data)
    AT24xxTest1                              0x20000210   Data           1  freertos.o(.data)
    AT24xxTest2                              0x20000211   Data           1  freertos.o(.data)
    temp1                                    0x20000212   Data           1  freertos.o(.data)
    temp2                                    0x20000213   Data           1  freertos.o(.data)
    uwTick                                   0x20000224   Data           4  stm32f4xx_hal.o(.data)
    SystemCoreClock                          0x20000228   Data           4  system_stm32f4xx.o(.data)
    __microlib_freelist                      0x2000022c   Data           4  mvars.o(.data)
    __microlib_freelist_initialised          0x20000230   Data           4  mvars.o(.data)
    disk                                     0x20000234   Data          12  ff_gen_drv.o(.bss)
    NEO_M8N_GPS_Data                         0x20000240   Data          16  gps_ublox_neo_m8n.o(.bss)
    GPSX                                     0x20000250   Data         128  gps_ublox_neo_m8n.o(.bss)
    VehicleModuleState                       0x200002d0   Data          12  data_generic.o(.bss)
    CarSpeed_Mileage_SlipRate                0x200002dc   Data          12  data_generic.o(.bss)
    Wireless_ReceiveAndTrnsmit1Data          0x200002e8   Data          72  hostpcdebug_at24cxxmem.o(.bss)
    xQueueRegistry                           0x20007b58   Data          64  queue.o(.bss)
    hsd                                      0x20007c88   Data         132  sdio.o(.bss)
    hdma_sdio_rx                             0x20007d0c   Data          96  sdio.o(.bss)
    hdma_sdio_tx                             0x20007d6c   Data          96  sdio.o(.bss)
    huart4                                   0x20007dcc   Data          64  usart.o(.bss)
    huart1                                   0x20007e0c   Data          64  usart.o(.bss)
    huart2                                   0x20007e4c   Data          64  usart.o(.bss)
    huart6                                   0x20007e8c   Data          64  usart.o(.bss)
    hdma_uart4_rx                            0x20007ecc   Data          96  usart.o(.bss)
    hdma_uart4_tx                            0x20007f2c   Data          96  usart.o(.bss)
    hdma_usart2_rx                           0x20007f8c   Data          96  usart.o(.bss)
    hdma_usart2_tx                           0x20007fec   Data          96  usart.o(.bss)
    hdma_usart6_rx                           0x2000804c   Data          96  usart.o(.bss)
    hdma_usart6_tx                           0x200080ac   Data          96  usart.o(.bss)
    Acc_Brake_Angle_LowVData                 0x2000810c   Data          28  spi.o(.bss)
    SuspensionLineDisplacementData           0x20008128   Data          24  spi.o(.bss)
    hspi1                                    0x20008140   Data          88  spi.o(.bss)
    hspi2                                    0x20008198   Data          88  spi.o(.bss)
    Ad0Data                                  0x200081f0   Data          16  spi.o(.bss)
    Ad1Data                                  0x20008200   Data          16  spi.o(.bss)
    Ad7689_OriginalData                      0x20008210   Data          32  spi.o(.bss)
    Ad7689_FilterData                        0x20008230   Data          32  spi.o(.bss)
    hrtc                                     0x200082f0   Data          32  rtc.o(.bss)
    hi2c2                                    0x20008310   Data          84  i2c.o(.bss)
    hdma_i2c2_rx                             0x20008364   Data          96  i2c.o(.bss)
    hdma_i2c2_tx                             0x200083c4   Data          96  i2c.o(.bss)
    MotParameter                             0x20008424   Data          44  can.o(.bss)
    Battery_INFO                             0x20008450   Data         456  can.o(.bss)
    SteeringWheel_INFO                       0x20008618   Data          36  can.o(.bss)
    WheelSpeedAndTemp                        0x2000863c   Data          36  can.o(.bss)
    hcan1                                    0x200086e0   Data          64  can.o(.bss)
    hcan2                                    0x20008720   Data          64  can.o(.bss)
    htim1                                    0x20008760   Data          60  tim.o(.bss)
    htim3                                    0x2000879c   Data          60  tim.o(.bss)
    __heap_base                              0x200087d8   Data           0  startup_stm32f407xx.o(HEAP)
    __heap_limit                             0x20008bd8   Data           0  startup_stm32f407xx.o(HEAP)
    __initial_sp                             0x200091d8   Data           0  startup_stm32f407xx.o(STACK)



==============================================================================

Memory Map of the image

  Image Entry point : 0x08000189

  Load Region LR_IROM1 (Base: 0x08000000, Size: 0x00011814, Max: 0x00100000, ABSOLUTE, COMPRESSED[0x00011668])

    Execution Region ER_IROM1 (Base: 0x08000000, Size: 0x000115e0, Max: 0x00100000, ABSOLUTE)

    Base Addr    Size         Type   Attr      Idx    E Section Name        Object

    0x08000000   0x00000188   Data   RO         4296    RESET               startup_stm32f407xx.o
    0x08000188   0x00000000   Code   RO         8467  * .ARM.Collect$$$$00000000  mc_w.l(entry.o)
    0x08000188   0x00000004   Code   RO         8526    .ARM.Collect$$$$00000001  mc_w.l(entry2.o)
    0x0800018c   0x00000004   Code   RO         8529    .ARM.Collect$$$$00000004  mc_w.l(entry5.o)
    0x08000190   0x00000000   Code   RO         8531    .ARM.Collect$$$$00000008  mc_w.l(entry7b.o)
    0x08000190   0x00000000   Code   RO         8533    .ARM.Collect$$$$0000000A  mc_w.l(entry8b.o)
    0x08000190   0x00000008   Code   RO         8534    .ARM.Collect$$$$0000000B  mc_w.l(entry9a.o)
    0x08000198   0x00000000   Code   RO         8536    .ARM.Collect$$$$0000000D  mc_w.l(entry10a.o)
    0x08000198   0x00000000   Code   RO         8538    .ARM.Collect$$$$0000000F  mc_w.l(entry11a.o)
    0x08000198   0x00000004   Code   RO         8527    .ARM.Collect$$$$00002712  mc_w.l(entry2.o)
    0x0800019c   0x000000ba   Code   RO         1995    .emb_text           port.o
    0x08000256   0x00000002   PAD
    0x08000258   0x00000024   Code   RO         4297    .text               startup_stm32f407xx.o
    0x0800027c   0x00000038   Code   RO         8412    .text               arm_cortexM4lf_math.lib(arm_pid_init_f32.o)
    0x080002b4   0x00000024   Code   RO         8470    .text               mc_w.l(memcpya.o)
    0x080002d8   0x00000024   Code   RO         8472    .text               mc_w.l(memseta.o)
    0x080002fc   0x00000024   Code   RO         8474    .text               mc_w.l(strstr.o)
    0x08000320   0x0000014e   Code   RO         8506    .text               mf_w.l(dadd.o)
    0x0800046e   0x000000e4   Code   RO         8508    .text               mf_w.l(dmul.o)
    0x08000552   0x000000de   Code   RO         8510    .text               mf_w.l(ddiv.o)
    0x08000630   0x00000022   Code   RO         8512    .text               mf_w.l(dflti.o)
    0x08000652   0x0000001a   Code   RO         8514    .text               mf_w.l(dfltui.o)
    0x0800066c   0x00000032   Code   RO         8516    .text               mf_w.l(dfixui.o)
    0x0800069e   0x00000026   Code   RO         8518    .text               mf_w.l(f2d.o)
    0x080006c4   0x00000030   Code   RO         8520    .text               mf_w.l(cdcmple.o)
    0x080006f4   0x00000030   Code   RO         8522    .text               mf_w.l(cdrcmple.o)
    0x08000724   0x00000038   Code   RO         8524    .text               mf_w.l(d2f.o)
    0x0800075c   0x0000001e   Code   RO         8540    .text               mc_w.l(llshl.o)
    0x0800077a   0x00000020   Code   RO         8542    .text               mc_w.l(llushr.o)
    0x0800079a   0x00000024   Code   RO         8544    .text               mc_w.l(llsshr.o)
    0x080007be   0x00000000   Code   RO         8548    .text               mc_w.l(iusefp.o)
    0x080007be   0x0000006e   Code   RO         8549    .text               mf_w.l(fepilogue.o)
    0x0800082c   0x000000ba   Code   RO         8551    .text               mf_w.l(depilogue.o)
    0x080008e6   0x00000002   PAD
    0x080008e8   0x00000024   Code   RO         8553    .text               mc_w.l(init.o)
    0x0800090c   0x00000056   Code   RO         8563    .text               mc_w.l(__dczerorl2.o)
    0x08000962   0x0000000c   Code   RO         3176    i.AD7689_Delay_6ns  spi.o
    0x0800096e   0x00000016   Code   RO         3177    i.AD7689_Delay_us   spi.o
    0x08000984   0x000004c0   Code   RO         3178    i.ADValueGenericTask  spi.o
    0x08000e44   0x00000028   Code   RO         3179    i.AD_FREERTOS_Init  spi.o
    0x08000e6c   0x00000010   Code   RO         3414    i.AMS_IMDReset_INFO_Analysis  can.o
    0x08000e7c   0x00000238   Code   RO         3415    i.APP_CAN_Config    can.o
    0x080010b4   0x00000034   Code   RO          880    i.AT24Cxx_Check     at24cxx.o
    0x080010e8   0x0000004c   Code   RO          883    i.AT24Cxx_ReadOneByte  at24cxx.o
    0x08001134   0x00000044   Code   RO          886    i.AT24Cxx_WriteOneByte  at24cxx.o
    0x08001178   0x000000d4   Code   RO         3860    i.AdjustAngle_SteeringEngine  tim.o
    0x0800124c   0x000000bc   Code   RO         3416    i.BMS_ECU_RELAY_Analysis  can.o
    0x08001308   0x00000014   Code   RO         4193    i.BSP_SD_GetCardInfo  bsp_driver_sd.o
    0x0800131c   0x00000018   Code   RO         4194    i.BSP_SD_GetCardState  bsp_driver_sd.o
    0x08001334   0x00000030   Code   RO         4197    i.BSP_SD_Init       bsp_driver_sd.o
    0x08001364   0x0000000c   Code   RO         4198    i.BSP_SD_IsDetected  bsp_driver_sd.o
    0x08001370   0x00000030   Code   RO         4199    i.BSP_SD_ReadBlocks  bsp_driver_sd.o
    0x080013a0   0x00000030   Code   RO         4201    i.BSP_SD_WriteBlocks  bsp_driver_sd.o
    0x080013d0   0x00000084   Code   RO         3417    i.BackWheelSpeed_Analysis  can.o
    0x08001454   0x00000128   Code   RO         3418    i.Battery_ALARM_Analysis  can.o
    0x0800157c   0x00000044   Code   RO         3419    i.Battery_CELLT_Analysis  can.o
    0x080015c0   0x00000038   Code   RO         3420    i.Battery_CELLV_Analysis  can.o
    0x080015f8   0x000000b8   Code   RO         3421    i.Battery_INFO_Analysis  can.o
    0x080016b0   0x00000044   Code   RO         3422    i.Battery_MAXT_Analysis  can.o
    0x080016f4   0x00000028   Code   RO         3423    i.Battery_MAXV_Analysis  can.o
    0x0800171c   0x00000090   Code   RO         3424    i.Battery_POWER_Analysis  can.o
    0x080017ac   0x000000ac   Code   RO         3425    i.Battery_Parameter_Analysis  can.o
    0x08001858   0x00000120   Code   RO         3978    i.Brakes_FaultCheckTask  freertos.o
    0x08001978   0x00000004   Code   RO         2823    i.BusFault_Handler  stm32f4xx_it.o
    0x0800197c   0x00000024   Code   RO         3426    i.CAN1_DATA_Send    can.o
    0x080019a0   0x00000094   Code   RO         3979    i.CAN1_OffLine_ProcessTask  freertos.o
    0x08001a34   0x00000010   Code   RO         2824    i.CAN1_RX0_IRQHandler  stm32f4xx_it.o
    0x08001a44   0x000000a4   Code   RO         3427    i.CAN1_ReceiveData_AnalysisTask  can.o
    0x08001ae8   0x00000030   Code   RO         3428    i.CAN1_TransmitTask  can.o
    0x08001b18   0x00000100   Code   RO         3429    i.CAN2_DATA_Send    can.o
    0x08001c18   0x00000074   Code   RO         3430    i.CAN2_PeriodicSendCallback  can.o
    0x08001c8c   0x00000010   Code   RO         2825    i.CAN2_RX0_IRQHandler  stm32f4xx_it.o
    0x08001c9c   0x000000a4   Code   RO         3431    i.CAN2_ReceiveData_AnalysisTask  can.o
    0x08001d40   0x00000070   Code   RO         3432    i.CAN2_TransmitTask  can.o
    0x08001db0   0x000000e0   Code   RO         3433    i.CAN_FREERTOS_Init  can.o
    0x08001e90   0x0000017c   Code   RO         7969    i.CAN_Receive_IT    stm32f4xx_hal_can.o
    0x0800200c   0x00000044   Code   RO         7970    i.CAN_Transmit_IT   stm32f4xx_hal_can.o
    0x08002050   0x00000034   Code   RO         3435    i.CSU_CAN1_Receive_Mot_Ready  can.o
    0x08002084   0x00000048   Code   RO         3436    i.CSU_CAN1_Send_Mot  can.o
    0x080020cc   0x000000ac   Code   RO         3437    i.CSU_CAN_Send      can.o
    0x08002178   0x000000ec   Code   RO         3980    i.CarRunningPowerOn_Mot_EnableTask  freertos.o
    0x08002264   0x0000036c   Code   RO         1071    i.CarSpeed_Mileage_SlipRateGenericTask  data_generic.o
    0x080025d0   0x00000010   Code   RO         2826    i.DMA1_Stream2_IRQHandler  stm32f4xx_it.o
    0x080025e0   0x00000010   Code   RO         2827    i.DMA1_Stream3_IRQHandler  stm32f4xx_it.o
    0x080025f0   0x00000010   Code   RO         2828    i.DMA1_Stream4_IRQHandler  stm32f4xx_it.o
    0x08002600   0x00000010   Code   RO         2829    i.DMA1_Stream5_IRQHandler  stm32f4xx_it.o
    0x08002610   0x00000010   Code   RO         2830    i.DMA1_Stream6_IRQHandler  stm32f4xx_it.o
    0x08002620   0x00000010   Code   RO         2831    i.DMA1_Stream7_IRQHandler  stm32f4xx_it.o
    0x08002630   0x00000010   Code   RO         2832    i.DMA2_Stream1_IRQHandler  stm32f4xx_it.o
    0x08002640   0x00000010   Code   RO         2833    i.DMA2_Stream3_IRQHandler  stm32f4xx_it.o
    0x08002650   0x00000010   Code   RO         2834    i.DMA2_Stream6_IRQHandler  stm32f4xx_it.o
    0x08002660   0x00000010   Code   RO         2835    i.DMA2_Stream7_IRQHandler  stm32f4xx_it.o
    0x08002670   0x00000034   Code   RO         6455    i.DMA_CalcBaseAndBitshift  stm32f4xx_hal_dma.o
    0x080026a4   0x000000aa   Code   RO         6456    i.DMA_CheckFifoParam  stm32f4xx_hal_dma.o
    0x0800274e   0x0000002c   Code   RO         6457    i.DMA_SetConfig     stm32f4xx_hal_dma.o
    0x0800277a   0x00000002   PAD
    0x0800277c   0x00000198   Code   RO         3981    i.DRSSteeringEngineTask  freertos.o
    0x08002914   0x000002d8   Code   RO         1317    i.DataFromLabviewGeneric  hostpcdebug_at24cxxmem.o
    0x08002bec   0x00000028   Code   RO         1072    i.Data_GenericFREERTOS_Init  data_generic.o
    0x08002c14   0x00000002   Code   RO         2836    i.DebugMon_Handler  stm32f4xx_it.o
    0x08002c16   0x00000002   PAD
    0x08002c18   0x000007d8   Code   RO         1479    i.ECU1_Labview_Module3Data_Send  hostpcdisplay.o
    0x080033f0   0x000000b4   Code   RO         3438    i.ECU_ECU2_CONTROL_Protocol_Send  can.o
    0x080034a4   0x000000a8   Code   RO         3439    i.ECU_ECU2_SteeringEngine_Protocol_Send  can.o
    0x0800354c   0x00000040   Code   RO         3440    i.ECU_HCU_BMS_CMD_Protocol_Send  can.o
    0x0800358c   0x00000124   Code   RO         3441    i.ECU_STERRINGWHEEL_ANGLEAndSuspension_Protocol_Send  can.o
    0x080036b0   0x00000130   Code   RO         3442    i.ECU_STERRINGWHEEL_BATERR_Protocol_Send  can.o
    0x080037e0   0x000000d8   Code   RO         3443    i.ECU_STERRINGWHEEL_BATINFO_Protocol_Send  can.o
    0x080038b8   0x000000d4   Code   RO         3444    i.ECU_STERRINGWHEEL_INFO_Protocol_Send  can.o
    0x0800398c   0x000000cc   Code   RO         3445    i.ECU_STERRINGWHEEL_MAXT_Protocol_Send  can.o
    0x08003a58   0x00000060   Code   RO         3446    i.ECU_STERRINGWHEEL_MAXV_Protocol_Send  can.o
    0x08003ab8   0x0000005c   Code   RO         3447    i.ECU_STERRINGWHEEL_MOTERR_Protocol_Send  can.o
    0x08003b14   0x000000c0   Code   RO         3448    i.ECU_STERRINGWHEEL_MOTINFO0_Protocol_Send  can.o
    0x08003bd4   0x00000130   Code   RO         3449    i.ECU_STERRINGWHEEL_MOTINFO1_Protocol_Send  can.o
    0x08003d04   0x00000058   Code   RO         3450    i.ECU_STERRINGWHEEL_MOTINFO2_Protocol_Send  can.o
    0x08003d5c   0x00000158   Code   RO         3451    i.ECU_STERRINGWHEEL_STATE_Protocol_Send  can.o
    0x08003eb4   0x00000054   Code   RO         1320    i.EEPROMMemoryTask  hostpcdebug_at24cxxmem.o
    0x08003f08   0x0000003c   Code   RO         1321    i.EEPROMreadAndGenericDataTask  hostpcdebug_at24cxxmem.o
    0x08003f44   0x000000d0   Code   RO         3982    i.E_ABSTask         freertos.o
    0x08004014   0x00000004   Code   RO         3921    i.Error_Handler     main.o
    0x08004018   0x00000012   Code   RO          725    i.FATFS_LinkDriver  ff_gen_drv.o
    0x0800402a   0x00000002   PAD
    0x0800402c   0x00000054   Code   RO          726    i.FATFS_LinkDriverEx  ff_gen_drv.o
    0x08004080   0x0000000e   Code   RO         3983    i.Fatfs_SDCardTask  freertos.o
    0x0800408e   0x00000002   PAD
    0x08004090   0x00000444   Code   RO         1322    i.FirstPowerOnReadEEPROMInit  hostpcdebug_at24cxxmem.o
    0x080044d4   0x00000124   Code   RO         3984    i.FirstPowerOn_Mot_DisableTask  freertos.o
    0x080045f8   0x00000148   Code   RO         3985    i.FirstPowerOn_Mot_EnableTask  freertos.o
    0x08004740   0x000000d0   Code   RO         3452    i.FrontWheelSpeed_Analysis  can.o
    0x08004810   0x0000001c   Code   RO         3986    i.GPSTask           freertos.o
    0x0800482c   0x00000140   Code   RO          947    i.GPS_DataGenericTask  gps_ublox_neo_m8n.o
    0x0800496c   0x00000028   Code   RO          948    i.GPS_UBLOX_FREERTOS_Init  gps_ublox_neo_m8n.o
    0x08004994   0x00000010   Code   RO         1073    i.Get_5KWOpenOrClose_Data  data_generic.o
    0x080049a4   0x0000018c   Code   RO         3181    i.Get_AD7689Data    spi.o
    0x08004b30   0x0000000c   Code   RO         3453    i.Get_AMS_IMDReset_INFO  can.o
    0x08004b3c   0x0000001c   Code   RO         1074    i.Get_AccPeda_Open_Data  data_generic.o
    0x08004b58   0x00000074   Code   RO         3182    i.Get_Acc_Brake_Angle_LowVData  spi.o
    0x08004bcc   0x00000010   Code   RO         1075    i.Get_BATState_Data  data_generic.o
    0x08004bdc   0x00000128   Code   RO         3454    i.Get_Battery_ALARM  can.o
    0x08004d04   0x000000a8   Code   RO         3455    i.Get_Battery_INFO  can.o
    0x08004dac   0x00000080   Code   RO         3456    i.Get_Battery_MAXV_And_MAXT  can.o
    0x08004e2c   0x00000044   Code   RO         3457    i.Get_Battery_POWER  can.o
    0x08004e70   0x0000005c   Code   RO         3458    i.Get_Battery_Parameter  can.o
    0x08004ecc   0x00000090   Code   RO         3459    i.Get_Battery_RELAY  can.o
    0x08004f5c   0x0000000c   Code   RO         3462    i.Get_CAN2_PeriodicSendTimer_Handle  can.o
    0x08004f68   0x0000006e   Code   RO         3463    i.Get_CAN_Analysis_Data  can.o
    0x08004fd6   0x00000002   PAD
    0x08004fd8   0x00000030   Code   RO         1076    i.Get_CarSpeed_Mileage_SlipRate_Data  data_generic.o
    0x08005008   0x00000010   Code   RO         1077    i.Get_DRSState_Data  data_generic.o
    0x08005018   0x00000024   Code   RO         1078    i.Get_DRS_Data      data_generic.o
    0x0800503c   0x00000034   Code   RO         1079    i.Get_Fan_Speaker_Taillight_Pump_CtrlData  data_generic.o
    0x08005070   0x00000010   Code   RO         1080    i.Get_GPSState_Data  data_generic.o
    0x08005080   0x0000003c   Code   RO          949    i.Get_GPS_NEO_M8N_Processed_Data  gps_ublox_neo_m8n.o
    0x080050bc   0x00000010   Code   RO         1081    i.Get_IMDOpenOrClose_Data  data_generic.o
    0x080050cc   0x0000001c   Code   RO         1082    i.Get_Line_CornersTCSState_Data  data_generic.o
    0x080050e8   0x00000094   Code   RO         3465    i.Get_MotParameter  can.o
    0x0800517c   0x00000034   Code   RO         1083    i.Get_MotRun_BrakeReliab_Reserve_Data  data_generic.o
    0x080051b0   0x00000010   Code   RO         1084    i.Get_MotorState_Data  data_generic.o
    0x080051c0   0x0000004c   Code   RO          950    i.Get_NEO_M8N_GPRMC_AnalysisData  gps_ublox_neo_m8n.o
    0x0800520c   0x00000044   Code   RO         3466    i.Get_Pump_Speeker_State  can.o
    0x08005250   0x00000010   Code   RO         1085    i.Get_SDCardState_Data  data_generic.o
    0x08005260   0x00000010   Code   RO         1086    i.Get_SIMState_Data  data_generic.o
    0x08005270   0x000000c4   Code   RO         3467    i.Get_SteeringWheel_INFO  can.o
    0x08005334   0x00000074   Code   RO         3183    i.Get_SuspensionLineDisplacementData  spi.o
    0x080053a8   0x00000040   Code   RO         1323    i.Get_SuspensionLineShift_ADMiddle_For_Key_ZeroSetting_Data  hostpcdebug_at24cxxmem.o
    0x080053e8   0x00000010   Code   RO         1087    i.Get_Throttle_Brake_Interferingtate_Data  data_generic.o
    0x080053f8   0x0000007c   Code   RO         3468    i.Get_WheelSpeedAndTemp  can.o
    0x08005474   0x00000120   Code   RO         1326    i.Get_Wireless_DataFrom_EEPROM  hostpcdebug_at24cxxmem.o
    0x08005594   0x00000010   Code   RO         1088    i.Get_mpu6050State_Data  data_generic.o
    0x080055a4   0x00000108   Code   RO         7971    i.HAL_CAN_ConfigFilter  stm32f4xx_hal_can.o
    0x080056ac   0x00000002   Code   RO         7973    i.HAL_CAN_ErrorCallback  stm32f4xx_hal_can.o
    0x080056ae   0x00000002   PAD
    0x080056b0   0x000001cc   Code   RO         7976    i.HAL_CAN_IRQHandler  stm32f4xx_hal_can.o
    0x0800587c   0x000001bc   Code   RO         7977    i.HAL_CAN_Init      stm32f4xx_hal_can.o
    0x08005a38   0x00000110   Code   RO         3470    i.HAL_CAN_MspInit   can.o
    0x08005b48   0x000001cc   Code   RO         7980    i.HAL_CAN_Receive   stm32f4xx_hal_can.o
    0x08005d14   0x0000005e   Code   RO         7981    i.HAL_CAN_Receive_IT  stm32f4xx_hal_can.o
    0x08005d72   0x00000002   PAD
    0x08005d74   0x00000040   Code   RO         3471    i.HAL_CAN_RxCpltCallback  can.o
    0x08005db4   0x0000027c   Code   RO         7984    i.HAL_CAN_Transmit  stm32f4xx_hal_can.o
    0x08006030   0x00000002   Code   RO         7986    i.HAL_CAN_TxCpltCallback  stm32f4xx_hal_can.o
    0x08006032   0x00000028   Code   RO         6459    i.HAL_DMA_Abort_IT  stm32f4xx_hal_dma.o
    0x0800605a   0x00000002   PAD
    0x0800605c   0x00000248   Code   RO         6463    i.HAL_DMA_IRQHandler  stm32f4xx_hal_dma.o
    0x080062a4   0x000000ec   Code   RO         6464    i.HAL_DMA_Init      stm32f4xx_hal_dma.o
    0x08006390   0x0000009e   Code   RO         6468    i.HAL_DMA_Start_IT  stm32f4xx_hal_dma.o
    0x0800642e   0x0000001e   Code   RO         5978    i.HAL_Delay         stm32f4xx_hal.o
    0x0800644c   0x00000200   Code   RO         5035    i.HAL_GPIO_Init     stm32f4xx_hal_gpio.o
    0x0800664c   0x00000008   Code   RO         5038    i.HAL_GPIO_TogglePin  stm32f4xx_hal_gpio.o
    0x08006654   0x0000000c   Code   RO         5039    i.HAL_GPIO_WritePin  stm32f4xx_hal_gpio.o
    0x08006660   0x0000000c   Code   RO         5984    i.HAL_GetTick       stm32f4xx_hal.o
    0x0800666c   0x00000002   Code   RO         5098    i.HAL_I2C_AbortCpltCallback  stm32f4xx_hal_i2c.o
    0x0800666e   0x00000002   Code   RO         5099    i.HAL_I2C_AddrCallback  stm32f4xx_hal_i2c.o
    0x08006670   0x00000178   Code   RO         5103    i.HAL_I2C_EV_IRQHandler  stm32f4xx_hal_i2c.o
    0x080067e8   0x00000002   Code   RO         5105    i.HAL_I2C_ErrorCallback  stm32f4xx_hal_i2c.o
    0x080067ea   0x00000002   PAD
    0x080067ec   0x00000128   Code   RO         5109    i.HAL_I2C_Init      stm32f4xx_hal_i2c.o
    0x08006914   0x00000002   Code   RO         5111    i.HAL_I2C_ListenCpltCallback  stm32f4xx_hal_i2c.o
    0x08006916   0x00000002   Code   RO         5112    i.HAL_I2C_MasterRxCpltCallback  stm32f4xx_hal_i2c.o
    0x08006918   0x00000002   Code   RO         5113    i.HAL_I2C_MasterTxCpltCallback  stm32f4xx_hal_i2c.o
    0x0800691a   0x00000002   Code   RO         5123    i.HAL_I2C_MemRxCpltCallback  stm32f4xx_hal_i2c.o
    0x0800691c   0x00000002   Code   RO         5124    i.HAL_I2C_MemTxCpltCallback  stm32f4xx_hal_i2c.o
    0x0800691e   0x00000002   PAD
    0x08006920   0x00000328   Code   RO         5125    i.HAL_I2C_Mem_Read  stm32f4xx_hal_i2c.o
    0x08006c48   0x00000188   Code   RO         5128    i.HAL_I2C_Mem_Write  stm32f4xx_hal_i2c.o
    0x08006dd0   0x000000fc   Code   RO         3325    i.HAL_I2C_MspInit   i2c.o
    0x08006ecc   0x00000002   Code   RO         5133    i.HAL_I2C_SlaveRxCpltCallback  stm32f4xx_hal_i2c.o
    0x08006ece   0x00000002   Code   RO         5134    i.HAL_I2C_SlaveTxCpltCallback  stm32f4xx_hal_i2c.o
    0x08006ed0   0x00000010   Code   RO         5986    i.HAL_IncTick       stm32f4xx_hal.o
    0x08006ee0   0x0000003c   Code   RO         5987    i.HAL_Init          stm32f4xx_hal.o
    0x08006f1c   0x00000028   Code   RO         5988    i.HAL_InitTick      stm32f4xx_hal.o
    0x08006f44   0x00000056   Code   RO         3007    i.HAL_MspInit       stm32f4xx_hal_msp.o
    0x08006f9a   0x0000001a   Code   RO         7435    i.HAL_NVIC_EnableIRQ  stm32f4xx_hal_cortex.o
    0x08006fb4   0x0000007c   Code   RO         7441    i.HAL_NVIC_SetPriority  stm32f4xx_hal_cortex.o
    0x08007030   0x00000028   Code   RO         7442    i.HAL_NVIC_SetPriorityGrouping  stm32f4xx_hal_cortex.o
    0x08007058   0x000001b8   Code   RO         7929    i.HAL_RCCEx_PeriphCLKConfig  stm32f4xx_hal_rcc_ex.o
    0x08007210   0x000001d0   Code   RO         4305    i.HAL_RCC_ClockConfig  stm32f4xx_hal_rcc.o
    0x080073e0   0x0000000c   Code   RO         4310    i.HAL_RCC_GetHCLKFreq  stm32f4xx_hal_rcc.o
    0x080073ec   0x0000002c   Code   RO         4312    i.HAL_RCC_GetPCLK1Freq  stm32f4xx_hal_rcc.o
    0x08007418   0x0000002c   Code   RO         4313    i.HAL_RCC_GetPCLK2Freq  stm32f4xx_hal_rcc.o
    0x08007444   0x000000b4   Code   RO         4314    i.HAL_RCC_GetSysClockFreq  stm32f4xx_hal_rcc.o
    0x080074f8   0x0000044c   Code   RO         4317    i.HAL_RCC_OscConfig  stm32f4xx_hal_rcc.o
    0x08007944   0x00000012   Code   RO         6562    i.HAL_RTCEx_BKUPRead  stm32f4xx_hal_rtc_ex.o
    0x08007956   0x00000012   Code   RO         6563    i.HAL_RTCEx_BKUPWrite  stm32f4xx_hal_rtc_ex.o
    0x08007968   0x00000064   Code   RO         6579    i.HAL_RTCEx_SetCalibrationOutPut  stm32f4xx_hal_rtc_ex.o
    0x080079cc   0x000000b4   Code   RO         4647    i.HAL_RTC_Init      stm32f4xx_hal_rtc.o
    0x08007a80   0x00000018   Code   RO         3283    i.HAL_RTC_MspInit   rtc.o
    0x08007a98   0x00000114   Code   RO         4653    i.HAL_RTC_SetDate   stm32f4xx_hal_rtc.o
    0x08007bac   0x00000134   Code   RO         4654    i.HAL_RTC_SetTime   stm32f4xx_hal_rtc.o
    0x08007ce0   0x0000003a   Code   RO         4655    i.HAL_RTC_WaitForSynchro  stm32f4xx_hal_rtc.o
    0x08007d1a   0x00000002   Code   RO         4778    i.HAL_SD_AbortCallback  stm32f4xx_hal_sd.o
    0x08007d1c   0x000000a8   Code   RO         4780    i.HAL_SD_ConfigWideBusOperation  stm32f4xx_hal_sd.o
    0x08007dc4   0x00000002   Code   RO         4783    i.HAL_SD_ErrorCallback  stm32f4xx_hal_sd.o
    0x08007dc6   0x000001f0   Code   RO         4785    i.HAL_SD_GetCardCSD  stm32f4xx_hal_sd.o
    0x08007fb6   0x00000026   Code   RO         4786    i.HAL_SD_GetCardInfo  stm32f4xx_hal_sd.o
    0x08007fdc   0x00000028   Code   RO         4787    i.HAL_SD_GetCardState  stm32f4xx_hal_sd.o
    0x08008004   0x00000200   Code   RO         4791    i.HAL_SD_IRQHandler  stm32f4xx_hal_sd.o
    0x08008204   0x00000036   Code   RO         4792    i.HAL_SD_Init       stm32f4xx_hal_sd.o
    0x0800823a   0x00000002   PAD
    0x0800823c   0x00000084   Code   RO         4793    i.HAL_SD_InitCard   stm32f4xx_hal_sd.o
    0x080082c0   0x00000140   Code   RO         3032    i.HAL_SD_MspInit    sdio.o
    0x08008400   0x0000024c   Code   RO         4796    i.HAL_SD_ReadBlocks  stm32f4xx_hal_sd.o
    0x0800864c   0x00000002   Code   RO         4799    i.HAL_SD_RxCpltCallback  stm32f4xx_hal_sd.o
    0x0800864e   0x00000002   Code   RO         4800    i.HAL_SD_TxCpltCallback  stm32f4xx_hal_sd.o
    0x08008650   0x00000204   Code   RO         4801    i.HAL_SD_WriteBlocks  stm32f4xx_hal_sd.o
    0x08008854   0x0000008c   Code   RO         5542    i.HAL_SPI_Init      stm32f4xx_hal_spi.o
    0x080088e0   0x000000b0   Code   RO         3185    i.HAL_SPI_MspInit   spi.o
    0x08008990   0x0000021e   Code   RO         5551    i.HAL_SPI_TransmitReceive  stm32f4xx_hal_spi.o
    0x08008bae   0x00000028   Code   RO         7444    i.HAL_SYSTICK_CLKSourceConfig  stm32f4xx_hal_cortex.o
    0x08008bd6   0x00000034   Code   RO         7446    i.HAL_SYSTICK_Config  stm32f4xx_hal_cortex.o
    0x08008c0a   0x00000002   Code   RO         7688    i.HAL_TIMEx_BreakCallback  stm32f4xx_hal_tim_ex.o
    0x08008c0c   0x00000002   Code   RO         7689    i.HAL_TIMEx_CommutationCallback  stm32f4xx_hal_tim_ex.o
    0x08008c0e   0x00000062   Code   RO         7705    i.HAL_TIMEx_MasterConfigSynchronization  stm32f4xx_hal_tim_ex.o
    0x08008c70   0x00000034   Code   RO         6791    i.HAL_TIM_Base_Init  stm32f4xx_hal_tim.o
    0x08008ca4   0x00000088   Code   RO         3862    i.HAL_TIM_Base_MspInit  tim.o
    0x08008d2c   0x00000132   Code   RO         6800    i.HAL_TIM_ConfigClockSource  stm32f4xx_hal_tim.o
    0x08008e5e   0x00000002   Code   RO         6820    i.HAL_TIM_IC_CaptureCallback  stm32f4xx_hal_tim.o
    0x08008e60   0x00000196   Code   RO         6833    i.HAL_TIM_IRQHandler  stm32f4xx_hal_tim.o
    0x08008ff6   0x00000002   PAD
    0x08008ff8   0x00000034   Code   RO         3863    i.HAL_TIM_MspPostInit  tim.o
    0x0800902c   0x00000002   Code   RO         6836    i.HAL_TIM_OC_DelayElapsedCallback  stm32f4xx_hal_tim.o
    0x0800902e   0x00000108   Code   RO         6857    i.HAL_TIM_PWM_ConfigChannel  stm32f4xx_hal_tim.o
    0x08009136   0x00000034   Code   RO         6860    i.HAL_TIM_PWM_Init  stm32f4xx_hal_tim.o
    0x0800916a   0x00000002   Code   RO         6862    i.HAL_TIM_PWM_MspInit  stm32f4xx_hal_tim.o
    0x0800916c   0x00000002   Code   RO         6863    i.HAL_TIM_PWM_PulseFinishedCallback  stm32f4xx_hal_tim.o
    0x0800916e   0x00000002   PAD
    0x08009170   0x0000004c   Code   RO         6864    i.HAL_TIM_PWM_Start  stm32f4xx_hal_tim.o
    0x080091bc   0x00000002   Code   RO         6870    i.HAL_TIM_PeriodElapsedCallback  stm32f4xx_hal_tim.o
    0x080091be   0x00000002   Code   RO         6874    i.HAL_TIM_TriggerCallback  stm32f4xx_hal_tim.o
    0x080091c0   0x00000002   Code   RO         6145    i.HAL_UART_ErrorCallback  stm32f4xx_hal_uart.o
    0x080091c2   0x00000002   PAD
    0x080091c4   0x0000014c   Code   RO         6148    i.HAL_UART_IRQHandler  stm32f4xx_hal_uart.o
    0x08009310   0x00000072   Code   RO         6149    i.HAL_UART_Init     stm32f4xx_hal_uart.o
    0x08009382   0x00000002   PAD
    0x08009384   0x00000314   Code   RO         3077    i.HAL_UART_MspInit  usart.o
    0x08009698   0x000000c4   Code   RO         6153    i.HAL_UART_Receive_DMA  stm32f4xx_hal_uart.o
    0x0800975c   0x00000064   Code   RO         6154    i.HAL_UART_Receive_IT  stm32f4xx_hal_uart.o
    0x080097c0   0x00000060   Code   RO         1327    i.HAL_UART_RxCpltCallback  hostpcdebug_at24cxxmem.o
    0x08009820   0x00000002   Code   RO         6156    i.HAL_UART_RxHalfCpltCallback  stm32f4xx_hal_uart.o
    0x08009822   0x00000002   PAD
    0x08009824   0x0000009c   Code   RO         6158    i.HAL_UART_Transmit_DMA  stm32f4xx_hal_uart.o
    0x080098c0   0x00000002   Code   RO         6160    i.HAL_UART_TxCpltCallback  stm32f4xx_hal_uart.o
    0x080098c2   0x00000002   Code   RO         6161    i.HAL_UART_TxHalfCpltCallback  stm32f4xx_hal_uart.o
    0x080098c4   0x00000004   Code   RO         2837    i.HardFault_Handler  stm32f4xx_it.o
    0x080098c8   0x00000010   Code   RO         2838    i.I2C2_EV_IRQHandler  stm32f4xx_it.o
    0x080098d8   0x00000068   Code   RO         5143    i.I2C_DMAAbort      stm32f4xx_hal_i2c.o
    0x08009940   0x00000170   Code   RO         5146    i.I2C_ITError       stm32f4xx_hal_i2c.o
    0x08009ab0   0x00000034   Code   RO         5147    i.I2C_IsAcknowledgeFailed  stm32f4xx_hal_i2c.o
    0x08009ae4   0x000000f8   Code   RO         5148    i.I2C_MasterReceive_BTF  stm32f4xx_hal_i2c.o
    0x08009bdc   0x000000c8   Code   RO         5149    i.I2C_MasterReceive_RXNE  stm32f4xx_hal_i2c.o
    0x08009ca4   0x000000a0   Code   RO         5152    i.I2C_MasterTransmit_BTF  stm32f4xx_hal_i2c.o
    0x08009d44   0x0000014a   Code   RO         5153    i.I2C_MasterTransmit_TXE  stm32f4xx_hal_i2c.o
    0x08009e8e   0x0000000e   Code   RO         5154    i.I2C_Master_ADD10  stm32f4xx_hal_i2c.o
    0x08009e9c   0x0000022e   Code   RO         5155    i.I2C_Master_ADDR   stm32f4xx_hal_i2c.o
    0x0800a0ca   0x00000082   Code   RO         5156    i.I2C_Master_SB     stm32f4xx_hal_i2c.o
    0x0800a14c   0x00000158   Code   RO         5157    i.I2C_RequestMemoryRead  stm32f4xx_hal_i2c.o
    0x0800a2a4   0x000000e0   Code   RO         5158    i.I2C_RequestMemoryWrite  stm32f4xx_hal_i2c.o
    0x0800a384   0x0000001e   Code   RO         5159    i.I2C_SlaveReceive_BTF  stm32f4xx_hal_i2c.o
    0x0800a3a2   0x00000048   Code   RO         5160    i.I2C_SlaveReceive_RXNE  stm32f4xx_hal_i2c.o
    0x0800a3ea   0x0000001c   Code   RO         5161    i.I2C_SlaveTransmit_BTF  stm32f4xx_hal_i2c.o
    0x0800a406   0x00000046   Code   RO         5162    i.I2C_SlaveTransmit_TXE  stm32f4xx_hal_i2c.o
    0x0800a44c   0x00000036   Code   RO         5163    i.I2C_Slave_ADDR    stm32f4xx_hal_i2c.o
    0x0800a482   0x00000002   PAD
    0x0800a484   0x00000110   Code   RO         5165    i.I2C_Slave_STOPF   stm32f4xx_hal_i2c.o
    0x0800a594   0x00000056   Code   RO         5166    i.I2C_WaitOnBTFFlagUntilTimeout  stm32f4xx_hal_i2c.o
    0x0800a5ea   0x0000007c   Code   RO         5167    i.I2C_WaitOnFlagUntilTimeout  stm32f4xx_hal_i2c.o
    0x0800a666   0x000000ac   Code   RO         5168    i.I2C_WaitOnMasterAddressFlagUntilTimeout  stm32f4xx_hal_i2c.o
    0x0800a712   0x0000006e   Code   RO         5169    i.I2C_WaitOnRXNEFlagUntilTimeout  stm32f4xx_hal_i2c.o
    0x0800a780   0x00000056   Code   RO         5171    i.I2C_WaitOnTXEFlagUntilTimeout  stm32f4xx_hal_i2c.o
    0x0800a7d6   0x00000002   PAD
    0x0800a7d8   0x00000024   Code   RO         3987    i.LEDTask           freertos.o
    0x0800a7fc   0x000000a0   Code   RO         3988    i.LeakageCurrentLimitProcessTask  freertos.o
    0x0800a89c   0x000000dc   Code   RO         3989    i.LightsUpAfterBrakeTask  freertos.o
    0x0800a978   0x0000014c   Code   RO         3990    i.Line_TractionControlTask  freertos.o
    0x0800aac4   0x0000004c   Code   RO         3472    i.MX_CAN1_Init      can.o
    0x0800ab10   0x0000004c   Code   RO         3473    i.MX_CAN2_Init      can.o
    0x0800ab5c   0x000000c8   Code   RO         3390    i.MX_DMA_Init       dma.o
    0x0800ac24   0x0000001c   Code   RO         3136    i.MX_FATFS_Init     fatfs.o
    0x0800ac40   0x00000274   Code   RO         3991    i.MX_FREERTOS_Init  freertos.o
    0x0800aeb4   0x000001f0   Code   RO         3366    i.MX_GPIO_Init      gpio.o
    0x0800b0a4   0x00000040   Code   RO         3326    i.MX_I2C2_Init      i2c.o
    0x0800b0e4   0x000000b0   Code   RO         3284    i.MX_RTC_Init       rtc.o
    0x0800b194   0x00000024   Code   RO         3033    i.MX_SDIO_SD_Init   sdio.o
    0x0800b1b8   0x00000048   Code   RO         3186    i.MX_SPI1_Init      spi.o
    0x0800b200   0x00000044   Code   RO         3187    i.MX_SPI2_Init      spi.o
    0x0800b244   0x00000060   Code   RO         3864    i.MX_TIM1_Init      tim.o
    0x0800b2a4   0x0000009c   Code   RO         3865    i.MX_TIM3_Init      tim.o
    0x0800b340   0x00000038   Code   RO         3078    i.MX_UART4_Init     usart.o
    0x0800b378   0x00000038   Code   RO         3079    i.MX_USART1_UART_Init  usart.o
    0x0800b3b0   0x00000038   Code   RO         3080    i.MX_USART2_UART_Init  usart.o
    0x0800b3e8   0x00000038   Code   RO         3081    i.MX_USART6_UART_Init  usart.o
    0x0800b420   0x00000004   Code   RO         2839    i.MemManage_Handler  stm32f4xx_it.o
    0x0800b424   0x0000003c   Code   RO         3992    i.Mileage_ClearTask  freertos.o
    0x0800b460   0x0000003e   Code   RO         3993    i.Mileage_SaveTask  freertos.o
    0x0800b49e   0x00000002   PAD
    0x0800b4a0   0x000000c4   Code   RO         3994    i.MotController_CoolTask  freertos.o
    0x0800b564   0x00000084   Code   RO         3995    i.MotIGBTAndAir_DataGuardTask  freertos.o
    0x0800b5e8   0x00000148   Code   RO         3474    i.MotParameter_Analysis  can.o
    0x0800b730   0x00000032   Code   RO          951    i.NEO_M8N_Comma_Pos  gps_ublox_neo_m8n.o
    0x0800b762   0x00000002   PAD
    0x0800b764   0x00000244   Code   RO          952    i.NEO_M8N_GPRMC_Analysis  gps_ublox_neo_m8n.o
    0x0800b9a8   0x00000016   Code   RO          953    i.NEO_M8N_Pow       gps_ublox_neo_m8n.o
    0x0800b9be   0x000000ea   Code   RO          954    i.NEO_M8N_Str2num   gps_ublox_neo_m8n.o
    0x0800baa8   0x00000002   Code   RO         2840    i.NMI_Handler       stm32f4xx_it.o
    0x0800baaa   0x00000002   PAD
    0x0800baac   0x00000010   Code   RO         7448    i.NVIC_GetPriorityGrouping  stm32f4xx_hal_cortex.o
    0x0800babc   0x00000028   Code   RO         7449    i.NVIC_SetPriority  stm32f4xx_hal_cortex.o
    0x0800bae4   0x0000003a   Code   RO         3996    i.OffLine_Mot_FOR_FaultTask  freertos.o
    0x0800bb1e   0x0000003a   Code   RO         3997    i.OnLine_Mot_FOR_ClearFaultTask  freertos.o
    0x0800bb58   0x0000000e   Code   RO         3998    i.PowerOnSelfTestTask  freertos.o
    0x0800bb66   0x00000002   PAD
    0x0800bb68   0x00000030   Code   RO         3475    i.Pump_Speeker_State_Analysis  can.o
    0x0800bb98   0x00000016   Code   RO         4656    i.RTC_Bcd2ToByte    stm32f4xx_hal_rtc.o
    0x0800bbae   0x0000001a   Code   RO         4657    i.RTC_ByteToBcd2    stm32f4xx_hal_rtc.o
    0x0800bbc8   0x0000003e   Code   RO         4658    i.RTC_EnterInitMode  stm32f4xx_hal_rtc.o
    0x0800bc06   0x00000002   PAD
    0x0800bc08   0x000000b4   Code   RO         3999    i.RollStabilizerBarSteeringEngineTask  freertos.o
    0x0800bcbc   0x0000002c   Code   RO         8099    i.SDIO_ConfigData   stm32f4xx_ll_sdmmc.o
    0x0800bce8   0x00000008   Code   RO         8100    i.SDIO_GetCommandResponse  stm32f4xx_ll_sdmmc.o
    0x0800bcf0   0x0000000a   Code   RO         8103    i.SDIO_GetPowerState  stm32f4xx_ll_sdmmc.o
    0x0800bcfa   0x00000016   Code   RO         8104    i.SDIO_GetResponse  stm32f4xx_ll_sdmmc.o
    0x0800bd10   0x00000010   Code   RO         2841    i.SDIO_IRQHandler   stm32f4xx_it.o
    0x0800bd20   0x00000034   Code   RO         8105    i.SDIO_Init         stm32f4xx_ll_sdmmc.o
    0x0800bd54   0x0000000a   Code   RO         8107    i.SDIO_PowerState_ON  stm32f4xx_ll_sdmmc.o
    0x0800bd5e   0x00000008   Code   RO         8108    i.SDIO_ReadFIFO     stm32f4xx_ll_sdmmc.o
    0x0800bd66   0x00000028   Code   RO         8109    i.SDIO_SendCommand  stm32f4xx_ll_sdmmc.o
    0x0800bd8e   0x0000000c   Code   RO         8111    i.SDIO_WriteFIFO    stm32f4xx_ll_sdmmc.o
    0x0800bd9a   0x0000003a   Code   RO         8112    i.SDMMC_CmdAppCommand  stm32f4xx_ll_sdmmc.o
    0x0800bdd4   0x0000003c   Code   RO         8113    i.SDMMC_CmdAppOperCommand  stm32f4xx_ll_sdmmc.o
    0x0800be10   0x0000003a   Code   RO         8114    i.SDMMC_CmdBlockLength  stm32f4xx_ll_sdmmc.o
    0x0800be4a   0x0000003a   Code   RO         8115    i.SDMMC_CmdBusWidth  stm32f4xx_ll_sdmmc.o
    0x0800be84   0x0000002e   Code   RO         8119    i.SDMMC_CmdGoIdleState  stm32f4xx_ll_sdmmc.o
    0x0800beb2   0x00000036   Code   RO         8121    i.SDMMC_CmdOperCond  stm32f4xx_ll_sdmmc.o
    0x0800bee8   0x0000003a   Code   RO         8122    i.SDMMC_CmdReadMultiBlock  stm32f4xx_ll_sdmmc.o
    0x0800bf22   0x0000003a   Code   RO         8123    i.SDMMC_CmdReadSingleBlock  stm32f4xx_ll_sdmmc.o
    0x0800bf5c   0x0000003c   Code   RO         8126    i.SDMMC_CmdSelDesel  stm32f4xx_ll_sdmmc.o
    0x0800bf98   0x00000034   Code   RO         8127    i.SDMMC_CmdSendCID  stm32f4xx_ll_sdmmc.o
    0x0800bfcc   0x00000034   Code   RO         8128    i.SDMMC_CmdSendCSD  stm32f4xx_ll_sdmmc.o
    0x0800c000   0x0000003a   Code   RO         8129    i.SDMMC_CmdSendSCR  stm32f4xx_ll_sdmmc.o
    0x0800c03a   0x0000003a   Code   RO         8130    i.SDMMC_CmdSendStatus  stm32f4xx_ll_sdmmc.o
    0x0800c074   0x0000003a   Code   RO         8131    i.SDMMC_CmdSetRelAdd  stm32f4xx_ll_sdmmc.o
    0x0800c0ae   0x00000002   PAD
    0x0800c0b0   0x0000003c   Code   RO         8133    i.SDMMC_CmdStopTransfer  stm32f4xx_ll_sdmmc.o
    0x0800c0ec   0x0000003a   Code   RO         8135    i.SDMMC_CmdWriteMultiBlock  stm32f4xx_ll_sdmmc.o
    0x0800c126   0x0000003a   Code   RO         8136    i.SDMMC_CmdWriteSingleBlock  stm32f4xx_ll_sdmmc.o
    0x0800c160   0x00000040   Code   RO         8137    i.SDMMC_GetCmdError  stm32f4xx_ll_sdmmc.o
    0x0800c1a0   0x000001a4   Code   RO         8138    i.SDMMC_GetCmdResp1  stm32f4xx_ll_sdmmc.o
    0x0800c344   0x0000005c   Code   RO         8139    i.SDMMC_GetCmdResp2  stm32f4xx_ll_sdmmc.o
    0x0800c3a0   0x00000050   Code   RO         8140    i.SDMMC_GetCmdResp3  stm32f4xx_ll_sdmmc.o
    0x0800c3f0   0x000000b0   Code   RO         8141    i.SDMMC_GetCmdResp6  stm32f4xx_ll_sdmmc.o
    0x0800c4a0   0x00000058   Code   RO         8142    i.SDMMC_GetCmdResp7  stm32f4xx_ll_sdmmc.o
    0x0800c4f8   0x0000004c   Code   RO         4806    i.SD_DMARxAbort     stm32f4xx_hal_sd.o
    0x0800c544   0x0000004c   Code   RO         4808    i.SD_DMATxAbort     stm32f4xx_hal_sd.o
    0x0800c590   0x0000012c   Code   RO         4809    i.SD_FindSCR        stm32f4xx_hal_sd.o
    0x0800c6bc   0x000000fc   Code   RO         4810    i.SD_InitCard       stm32f4xx_hal_sd.o
    0x0800c7b8   0x000000ee   Code   RO         4812    i.SD_PowerON        stm32f4xx_hal_sd.o
    0x0800c8a6   0x00000026   Code   RO         4813    i.SD_Read_IT        stm32f4xx_hal_sd.o
    0x0800c8cc   0x00000032   Code   RO         4815    i.SD_SendStatus     stm32f4xx_hal_sd.o
    0x0800c8fe   0x0000006a   Code   RO         4816    i.SD_WideBus_Disable  stm32f4xx_hal_sd.o
    0x0800c968   0x0000006a   Code   RO         4817    i.SD_WideBus_Enable  stm32f4xx_hal_sd.o
    0x0800c9d2   0x00000026   Code   RO         4818    i.SD_Write_IT       stm32f4xx_hal_sd.o
    0x0800c9f8   0x00000028   Code   RO            4    i.SD_initialize     sd_diskio.o
    0x0800ca20   0x00000068   Code   RO            5    i.SD_ioctl          sd_diskio.o
    0x0800ca88   0x00000048   Code   RO            6    i.SD_read           sd_diskio.o
    0x0800cad0   0x00000028   Code   RO            7    i.SD_status         sd_diskio.o
    0x0800caf8   0x00000048   Code   RO            8    i.SD_write          sd_diskio.o
    0x0800cb40   0x00000028   Code   RO         5566    i.SPI_CheckFlag_BSY  stm32f4xx_hal_spi.o
    0x0800cb68   0x000000aa   Code   RO         5584    i.SPI_WaitFlagStateUntilTimeout  stm32f4xx_hal_spi.o
    0x0800cc12   0x00000002   PAD
    0x0800cc14   0x00000044   Code   RO         1328    i.SendDataToEEPROM  hostpcdebug_at24cxxmem.o
    0x0800cc58   0x0000000a   Code   RO         1329    i.SendLabviewModule2Data_Period100Task  hostpcdebug_at24cxxmem.o
    0x0800cc62   0x0000000a   Code   RO         1330    i.SendLabviewModule2Data_Period20Task  hostpcdebug_at24cxxmem.o
    0x0800cc6c   0x0000004c   Code   RO         1480    i.SendLabviewModule3Data_Period100Task  hostpcdisplay.o
    0x0800ccb8   0x0000000c   Code   RO         1331    i.SendLabviewReadbackData_Period50Task  hostpcdebug_at24cxxmem.o
    0x0800ccc4   0x0000000c   Code   RO         3476    i.Set_AMS_IMDReset_INFO  can.o
    0x0800ccd0   0x00000128   Code   RO         3477    i.Set_Battery_ALARM  can.o
    0x0800cdf8   0x000000a8   Code   RO         3478    i.Set_Battery_INFO  can.o
    0x0800cea0   0x00000080   Code   RO         3479    i.Set_Battery_MAXV_And_MAXT  can.o
    0x0800cf20   0x00000044   Code   RO         3480    i.Set_Battery_POWER  can.o
    0x0800cf64   0x0000005c   Code   RO         3481    i.Set_Battery_Parameter  can.o
    0x0800cfc0   0x00000090   Code   RO         3482    i.Set_Battery_RELAY  can.o
    0x0800d050   0x0000006e   Code   RO         3483    i.Set_CAN_Analysis_Data  can.o
    0x0800d0be   0x00000002   PAD
    0x0800d0c0   0x00000030   Code   RO         1092    i.Set_CarSpeed_Mileage_SlipRate_Data  data_generic.o
    0x0800d0f0   0x00000010   Code   RO         1093    i.Set_DRSState_Data  data_generic.o
    0x0800d100   0x00000024   Code   RO         1094    i.Set_DRS_Data      data_generic.o
    0x0800d124   0x00000034   Code   RO         1095    i.Set_Fan_Speaker_Taillight_Pump_CtrlData  data_generic.o
    0x0800d158   0x00000010   Code   RO         1097    i.Set_IMDOpenOrClose_Data  data_generic.o
    0x0800d168   0x0000001c   Code   RO         1098    i.Set_Line_CornersTCSState_Data  data_generic.o
    0x0800d184   0x00000094   Code   RO         3485    i.Set_MotParameter  can.o
    0x0800d218   0x00000034   Code   RO         1099    i.Set_MotRun_BrakeReliab_Reserve_Data  data_generic.o
    0x0800d24c   0x00000010   Code   RO         1100    i.Set_MotorState_Data  data_generic.o
    0x0800d25c   0x00000044   Code   RO         3486    i.Set_Pump_Speeker_State  can.o
    0x0800d2a0   0x000000c4   Code   RO         3487    i.Set_SteeringWheel_INFO  can.o
    0x0800d364   0x00000018   Code   RO         1333    i.Set_TCS_PID_OUT_Data  hostpcdebug_at24cxxmem.o
    0x0800d37c   0x00000010   Code   RO         1103    i.Set_Throttle_Brake_Interferingtate_Data  data_generic.o
    0x0800d38c   0x0000007c   Code   RO         3488    i.Set_WheelSpeedAndTemp  can.o
    0x0800d408   0x0000002c   Code   RO         3489    i.SteeringWheel_INFO_Analysis  can.o
    0x0800d434   0x000000f0   Code   RO         3490    i.SteeringWheel_Switch_Analysis  can.o
    0x0800d524   0x00000014   Code   RO         4000    i.SuspensionLineShift_ZeroSettingTask  freertos.o
    0x0800d538   0x0000000c   Code   RO         2842    i.SysTick_Handler   stm32f4xx_it.o
    0x0800d544   0x000000e0   Code   RO         3922    i.SystemClock_Config  main.o
    0x0800d624   0x00000064   Code   RO         8376    i.SystemInit        system_stm32f4xx.o
    0x0800d688   0x00000010   Code   RO         2843    i.TIM1_UP_TIM10_IRQHandler  stm32f4xx_it.o
    0x0800d698   0x00000010   Code   RO         2844    i.TIM3_IRQHandler   stm32f4xx_it.o
    0x0800d6a8   0x000000e4   Code   RO         6875    i.TIM_Base_SetConfig  stm32f4xx_hal_tim.o
    0x0800d78c   0x0000001c   Code   RO         6876    i.TIM_CCxChannelCmd  stm32f4xx_hal_tim.o
    0x0800d7a8   0x00000018   Code   RO         6882    i.TIM_ETR_SetConfig  stm32f4xx_hal_tim.o
    0x0800d7c0   0x00000014   Code   RO         6883    i.TIM_ITRx_SetConfig  stm32f4xx_hal_tim.o
    0x0800d7d4   0x00000070   Code   RO         6884    i.TIM_OC1_SetConfig  stm32f4xx_hal_tim.o
    0x0800d844   0x00000078   Code   RO         6885    i.TIM_OC2_SetConfig  stm32f4xx_hal_tim.o
    0x0800d8bc   0x00000078   Code   RO         6886    i.TIM_OC3_SetConfig  stm32f4xx_hal_tim.o
    0x0800d934   0x00000060   Code   RO         6887    i.TIM_OC4_SetConfig  stm32f4xx_hal_tim.o
    0x0800d994   0x0000002a   Code   RO         6889    i.TIM_TI1_ConfigInputStage  stm32f4xx_hal_tim.o
    0x0800d9be   0x0000002c   Code   RO         6891    i.TIM_TI2_ConfigInputStage  stm32f4xx_hal_tim.o
    0x0800d9ea   0x00000002   PAD
    0x0800d9ec   0x00000470   Code   RO         4001    i.ThrottleAndBrakes_FaultCheckTask  freertos.o
    0x0800de5c   0x00000104   Code   RO         4002    i.ThrottleTask      freertos.o
    0x0800df60   0x000000bc   Code   RO         4003    i.TractionControlModeJudgmentTask  freertos.o
    0x0800e01c   0x00000010   Code   RO         2845    i.UART4_IRQHandler  stm32f4xx_it.o
    0x0800e02c   0x00000014   Code   RO         6162    i.UART_DMAAbortOnError  stm32f4xx_hal_uart.o
    0x0800e040   0x00000050   Code   RO         6163    i.UART_DMAError     stm32f4xx_hal_uart.o
    0x0800e090   0x00000046   Code   RO         6164    i.UART_DMAReceiveCplt  stm32f4xx_hal_uart.o
    0x0800e0d6   0x0000000e   Code   RO         6166    i.UART_DMARxHalfCplt  stm32f4xx_hal_uart.o
    0x0800e0e4   0x00000036   Code   RO         6168    i.UART_DMATransmitCplt  stm32f4xx_hal_uart.o
    0x0800e11a   0x0000000e   Code   RO         6170    i.UART_DMATxHalfCplt  stm32f4xx_hal_uart.o
    0x0800e128   0x00000020   Code   RO         6172    i.UART_EndRxTransfer  stm32f4xx_hal_uart.o
    0x0800e148   0x00000020   Code   RO         6173    i.UART_EndTransmit_IT  stm32f4xx_hal_uart.o
    0x0800e168   0x00000014   Code   RO         6174    i.UART_EndTxTransfer  stm32f4xx_hal_uart.o
    0x0800e17c   0x0000009a   Code   RO         6175    i.UART_Receive_IT   stm32f4xx_hal_uart.o
    0x0800e216   0x00000002   PAD
    0x0800e218   0x00000368   Code   RO         6176    i.UART_SetConfig    stm32f4xx_hal_uart.o
    0x0800e580   0x00000068   Code   RO         6177    i.UART_Transmit_IT  stm32f4xx_hal_uart.o
    0x0800e5e8   0x00000010   Code   RO         2846    i.USART1_IRQHandler  stm32f4xx_it.o
    0x0800e5f8   0x00000010   Code   RO         2847    i.USART2_IRQHandler  stm32f4xx_it.o
    0x0800e608   0x00000010   Code   RO         2848    i.USART6_IRQHandler  stm32f4xx_it.o
    0x0800e618   0x00000004   Code   RO         2849    i.UsageFault_Handler  stm32f4xx_it.o
    0x0800e61c   0x0000002c   Code   RO         3491    i.WheelSpeedAndTemp_Analysis  can.o
    0x0800e648   0x0000005c   Code   RO         1481    i.WirelessModule2_FREERTOS_Init  hostpcdisplay.o
    0x0800e6a4   0x00000104   Code   RO         1336    i.Wireless_FREERTOS_Init  hostpcdebug_at24cxxmem.o
    0x0800e7a8   0x00000050   Code   RO         1337    i.Wireless_ReceiveData_Analysis  hostpcdebug_at24cxxmem.o
    0x0800e7f8   0x00000040   Code   RO         1338    i.Wireless_ReceiveLabview_SendMemTask  hostpcdebug_at24cxxmem.o
    0x0800e838   0x000000a4   Code   RO         1339    i.Wireless_Transmit1And2_LabviewTask  hostpcdebug_at24cxxmem.o
    0x0800e8dc   0x000000a0   Code   RO         1482    i.Wireless_Transmit3_LabviewTask  hostpcdisplay.o
    0x0800e97c   0x00000014   Code   RO         8461    i.__hardfp_fabs     m_wm.l(fabs.o)
    0x0800e990   0x0000000e   Code   RO         8557    i.__scatterload_copy  mc_w.l(handlers.o)
    0x0800e99e   0x00000002   Code   RO         8558    i.__scatterload_null  mc_w.l(handlers.o)
    0x0800e9a0   0x0000000e   Code   RO         8559    i.__scatterload_zeroinit  mc_w.l(handlers.o)
    0x0800e9ae   0x00000002   PAD
    0x0800e9b0   0x00000050   Code   RO         8478    i.free              mc_w.l(malloc.o)
    0x0800ea00   0x00000064   Code   RO         3923    i.main              main.o
    0x0800ea64   0x0000000e   Code   RO         1631    i.makeFreeRtosPriority  cmsis_os.o
    0x0800ea72   0x00000002   PAD
    0x0800ea74   0x0000006c   Code   RO         8479    i.malloc            mc_w.l(malloc.o)
    0x0800eae0   0x000000b4   Code   RO         3492    i.mpu6050_angle_Analysis  can.o
    0x0800eb94   0x00000018   Code   RO         1633    i.osDelay           cmsis_os.o
    0x0800ebac   0x0000000a   Code   RO         1636    i.osKernelStart     cmsis_os.o
    0x0800ebb6   0x00000012   Code   RO         1645    i.osMessageCreate   cmsis_os.o
    0x0800ebc8   0x00000010   Code   RO         1669    i.osSystickHandler  cmsis_os.o
    0x0800ebd8   0x00000030   Code   RO         1670    i.osThreadCreate    cmsis_os.o
    0x0800ec08   0x00000098   Code   RO         2484    i.prvAddCurrentTaskToDelayedList  tasks.o
    0x0800eca0   0x000000b8   Code   RO         2485    i.prvAddNewTaskToReadyList  tasks.o
    0x0800ed58   0x00000064   Code   RO         2149    i.prvCheckForValidListAndQueue  timers.o
    0x0800edbc   0x00000064   Code   RO         2486    i.prvCheckTasksWaitingTermination  tasks.o
    0x0800ee20   0x0000002a   Code   RO         2268    i.prvCopyDataFromQueue  queue.o
    0x0800ee4a   0x0000007c   Code   RO         2269    i.prvCopyDataToQueue  queue.o
    0x0800eec6   0x00000012   Code   RO         2487    i.prvDeleteTCB      tasks.o
    0x0800eed8   0x00000028   Code   RO         2150    i.prvGetNextExpireTime  timers.o
    0x0800ef00   0x0000007c   Code   RO         2087    i.prvHeapInit       heap_4.o
    0x0800ef7c   0x0000002c   Code   RO         2488    i.prvIdleTask       tasks.o
    0x0800efa8   0x0000002a   Code   RO         2271    i.prvInitialiseNewQueue  queue.o
    0x0800efd2   0x000000b4   Code   RO         2489    i.prvInitialiseNewTask  tasks.o
    0x0800f086   0x0000004e   Code   RO         2151    i.prvInitialiseNewTimer  timers.o
    0x0800f0d4   0x00000068   Code   RO         2490    i.prvInitialiseTaskLists  tasks.o
    0x0800f13c   0x00000068   Code   RO         2088    i.prvInsertBlockIntoFreeList  heap_4.o
    0x0800f1a4   0x00000058   Code   RO         2152    i.prvInsertTimerInActiveList  timers.o
    0x0800f1fc   0x0000001a   Code   RO         2272    i.prvIsQueueEmpty   queue.o
    0x0800f216   0x0000001e   Code   RO         2273    i.prvIsQueueFull    queue.o
    0x0800f234   0x00000064   Code   RO         2153    i.prvProcessExpiredTimer  timers.o
    0x0800f298   0x000000f8   Code   RO         2154    i.prvProcessReceivedCommands  timers.o
    0x0800f390   0x00000074   Code   RO         2155    i.prvProcessTimerOrBlockTask  timers.o
    0x0800f404   0x00000034   Code   RO         2492    i.prvResetNextTaskUnblockTime  tasks.o
    0x0800f438   0x0000002c   Code   RO         2156    i.prvSampleTimeNow  timers.o
    0x0800f464   0x000000a0   Code   RO         2157    i.prvSwitchTimerLists  timers.o
    0x0800f504   0x00000040   Code   RO         1996    i.prvTaskExitError  port.o
    0x0800f544   0x0000001a   Code   RO         2158    i.prvTimerTask      timers.o
    0x0800f55e   0x0000007e   Code   RO         2274    i.prvUnlockQueue    queue.o
    0x0800f5dc   0x0000013c   Code   RO         2089    i.pvPortMalloc      heap_4.o
    0x0800f718   0x00000020   Code   RO         2495    i.pvTaskIncrementMutexHeldCount  tasks.o
    0x0800f738   0x0000002c   Code   RO         1997    i.pxPortInitialiseStack  port.o
    0x0800f764   0x00000074   Code   RO         2496    i.ulTaskNotifyTake  tasks.o
    0x0800f7d8   0x00000028   Code   RO         2446    i.uxListRemove      list.o
    0x0800f800   0x00000010   Code   RO         4004    i.vApplicationIdleHook  freertos.o
    0x0800f810   0x0000001a   Code   RO         2447    i.vListInitialise   list.o
    0x0800f82a   0x00000006   Code   RO         2448    i.vListInitialiseItem  list.o
    0x0800f830   0x00000034   Code   RO         2449    i.vListInsert       list.o
    0x0800f864   0x00000018   Code   RO         2450    i.vListInsertEnd    list.o
    0x0800f87c   0x00000054   Code   RO         1999    i.vPortEnterCritical  port.o
    0x0800f8d0   0x0000003c   Code   RO         2000    i.vPortExitCritical  port.o
    0x0800f90c   0x00000094   Code   RO         2090    i.vPortFree         heap_4.o
    0x0800f9a0   0x00000020   Code   RO         2001    i.vPortSetupTimerInterrupt  port.o
    0x0800f9c0   0x00000078   Code   RO         2002    i.vPortValidateInterruptPriority  port.o
    0x0800fa38   0x0000002c   Code   RO         2280    i.vQueueAddToRegistry  queue.o
    0x0800fa64   0x0000004a   Code   RO         2284    i.vQueueWaitForMessageRestricted  queue.o
    0x0800faae   0x00000002   PAD
    0x0800fab0   0x0000005c   Code   RO         2504    i.vTaskDelay        tasks.o
    0x0800fb0c   0x000000f4   Code   RO         2505    i.vTaskDelete       tasks.o
    0x0800fc00   0x0000000c   Code   RO         2508    i.vTaskMissedYield  tasks.o
    0x0800fc0c   0x000000f0   Code   RO         2509    i.vTaskNotifyGiveFromISR  tasks.o
    0x0800fcfc   0x00000038   Code   RO         2510    i.vTaskPlaceOnEventList  tasks.o
    0x0800fd34   0x00000040   Code   RO         2511    i.vTaskPlaceOnEventListRestricted  tasks.o
    0x0800fd74   0x000000b0   Code   RO         2513    i.vTaskPriorityInherit  tasks.o
    0x0800fe24   0x00000030   Code   RO         2517    i.vTaskSetTimeOutState  tasks.o
    0x0800fe54   0x00000094   Code   RO         2518    i.vTaskStartScheduler  tasks.o
    0x0800fee8   0x00000010   Code   RO         2520    i.vTaskSuspendAll   tasks.o
    0x0800fef8   0x0000008c   Code   RO         2521    i.vTaskSwitchContext  tasks.o
    0x0800ff84   0x0000000c   Code   RO         2092    i.xPortGetFreeHeapSize  heap_4.o
    0x0800ff90   0x0000013c   Code   RO         2003    i.xPortStartScheduler  port.o
    0x080100cc   0x00000034   Code   RO         2004    i.xPortSysTickHandler  port.o
    0x08010100   0x00000058   Code   RO         2286    i.xQueueGenericCreate  queue.o
    0x08010158   0x000001c4   Code   RO         2287    i.xQueueGenericReceive  queue.o
    0x0801031c   0x00000098   Code   RO         2288    i.xQueueGenericReset  queue.o
    0x080103b4   0x000001a8   Code   RO         2289    i.xQueueGenericSend  queue.o
    0x0801055c   0x000000f8   Code   RO         2290    i.xQueueGenericSendFromISR  queue.o
    0x08010654   0x0000008c   Code   RO         2522    i.xTaskCheckForTimeOut  tasks.o
    0x080106e0   0x00000060   Code   RO         2523    i.xTaskCreate       tasks.o
    0x08010740   0x00000104   Code   RO         2524    i.xTaskGenericNotify  tasks.o
    0x08010844   0x00000020   Code   RO         2527    i.xTaskGetSchedulerState  tasks.o
    0x08010864   0x0000000c   Code   RO         2528    i.xTaskGetTickCount  tasks.o
    0x08010870   0x00000148   Code   RO         2530    i.xTaskIncrementTick  tasks.o
    0x080109b8   0x000000a0   Code   RO         2532    i.xTaskNotifyWait   tasks.o
    0x08010a58   0x000000c8   Code   RO         2533    i.xTaskPriorityDisinherit  tasks.o
    0x08010b20   0x00000098   Code   RO         2534    i.xTaskRemoveFromEventList  tasks.o
    0x08010bb8   0x00000104   Code   RO         2536    i.xTaskResumeAll    tasks.o
    0x08010cbc   0x00000030   Code   RO         2161    i.xTimerCreate      timers.o
    0x08010cec   0x00000058   Code   RO         2162    i.xTimerCreateTimerTask  timers.o
    0x08010d44   0x00000084   Code   RO         2163    i.xTimerGenericCommand  timers.o
    0x08010dc8   0x00000014   Data   RO            9    .constdata          sd_diskio.o
    0x08010ddc   0x00000014   Data   RO          957    .constdata          gps_ublox_neo_m8n.o
    0x08010df0   0x00000014   Data   RO         1106    .constdata          data_generic.o
    0x08010e04   0x0000009c   Data   RO         1341    .constdata          hostpcdebug_at24cxxmem.o
    0x08010ea0   0x00000030   Data   RO         1483    .constdata          hostpcdisplay.o
    0x08010ed0   0x00000014   Data   RO         3191    .constdata          spi.o
    0x08010ee4   0x00000060   Data   RO         3494    .constdata          can.o
    0x08010f44   0x000001f4   Data   RO         4006    .constdata          freertos.o
    0x08011138   0x00000008   Data   RO         6470    .constdata          stm32f4xx_hal_dma.o
    0x08011140   0x00000018   Data   RO         8377    .constdata          system_stm32f4xx.o
    0x08011158   0x00000014   Data   RO          958    .conststring        gps_ublox_neo_m8n.o
    0x0801116c   0x00000025   Data   RO         1107    .conststring        data_generic.o
    0x08011191   0x00000003   PAD
    0x08011194   0x000000ed   Data   RO         1342    .conststring        hostpcdebug_at24cxxmem.o
    0x08011281   0x00000003   PAD
    0x08011284   0x00000047   Data   RO         1484    .conststring        hostpcdisplay.o
    0x080112cb   0x00000001   PAD
    0x080112cc   0x00000013   Data   RO         3192    .conststring        spi.o
    0x080112df   0x00000001   PAD
    0x080112e0   0x00000066   Data   RO         3495    .conststring        can.o
    0x08011346   0x00000002   PAD
    0x08011348   0x00000278   Data   RO         4007    .conststring        freertos.o
    0x080115c0   0x00000020   Data   RO         8555    Region$$Table       anon$$obj.o


    Execution Region RW_IRAM1 (Base: 0x20000000, Size: 0x000091d8, Max: 0x00020000, ABSOLUTE, COMPRESSED[0x00000088])

    Base Addr    Size         Type   Attr      Idx    E Section Name        Object

    0x20000000   0x00000001   Data   RW           10    .data               sd_diskio.o
    0x20000001   0x00000003   PAD
    0x20000004   0x0000004c   Data   RW          959    .data               gps_ublox_neo_m8n.o
    0x20000050   0x00000018   Data   RW         1108    .data               data_generic.o
    0x20000068   0x00000039   Data   RW         1343    .data               hostpcdebug_at24cxxmem.o
    0x200000a1   0x00000003   PAD
    0x200000a4   0x0000000c   Data   RW         1485    .data               hostpcdisplay.o
    0x200000b0   0x0000000c   Data   RW         2005    .data               port.o
    0x200000bc   0x00000018   Data   RW         2095    .data               heap_4.o
    0x200000d4   0x00000014   Data   RW         2169    .data               timers.o
    0x200000e8   0x0000003c   Data   RW         2539    .data               tasks.o
    0x20000124   0x00000005   Data   RW         3138    .data               fatfs.o
    0x20000129   0x00000003   PAD
    0x2000012c   0x00000005   Data   RW         3193    .data               spi.o
    0x20000131   0x00000003   PAD
    0x20000134   0x00000028   Data   RW         3496    .data               can.o
    0x2000015c   0x00000010   Data   RW         3867    .data               tim.o
    0x2000016c   0x000000b7   Data   RW         4008    .data               freertos.o
    0x20000223   0x00000001   PAD
    0x20000224   0x00000004   Data   RW         5993    .data               stm32f4xx_hal.o
    0x20000228   0x00000004   Data   RW         8378    .data               system_stm32f4xx.o
    0x2000022c   0x00000004   Data   RW         8546    .data               mc_w.l(mvars.o)
    0x20000230   0x00000004   Data   RW         8547    .data               mc_w.l(mvars.o)
    0x20000234   0x0000000c   Zero   RW          729    .bss                ff_gen_drv.o
    0x20000240   0x00000090   Zero   RW          956    .bss                gps_ublox_neo_m8n.o
    0x200002d0   0x00000018   Zero   RW         1105    .bss                data_generic.o
    0x200002e8   0x00000048   Zero   RW         1340    .bss                hostpcdebug_at24cxxmem.o
    0x20000330   0x00007800   Zero   RW         2094    .bss                heap_4.o
    0x20007b30   0x00000028   Zero   RW         2168    .bss                timers.o
    0x20007b58   0x00000040   Zero   RW         2296    .bss                queue.o
    0x20007b98   0x000000f0   Zero   RW         2538    .bss                tasks.o
    0x20007c88   0x00000144   Zero   RW         3034    .bss                sdio.o
    0x20007dcc   0x00000340   Zero   RW         3082    .bss                usart.o
    0x2000810c   0x000001e4   Zero   RW         3190    .bss                spi.o
    0x200082f0   0x00000020   Zero   RW         3285    .bss                rtc.o
    0x20008310   0x00000114   Zero   RW         3327    .bss                i2c.o
    0x20008424   0x0000033c   Zero   RW         3493    .bss                can.o
    0x20008760   0x00000078   Zero   RW         3866    .bss                tim.o
    0x200087d8   0x00000400   Zero   RW         4295    HEAP                startup_stm32f407xx.o
    0x20008bd8   0x00000600   Zero   RW         4294    STACK               startup_stm32f407xx.o


==============================================================================

Image component sizes


      Code (inc. data)   RO Data    RW Data    ZI Data      Debug   Object Name

       196         10          0          0          0       2049   at24cxx.o
       200         26          0          0          0       4380   bsp_driver_sd.o
     10804       1058        198         40        828      60202   can.o
       130          0          0          0          0      14296   cmsis_os.o
      1600        164         57         24         24      29266   data_generic.o
       200          6          0          0          0        926   dma.o
         0          0          0          0          0       8228   event_groups.o
        28         12          0          5          0       1084   fatfs.o
       102          6          0          0         12       1811   ff_gen_drv.o
      5706        414       1132        183          0      40292   freertos.o
       496         28          0          0          0       1315   gpio.o
      1382         70         40         76        144       8960   gps_ublox_neo_m8n.o
       704         68          0         24      30720      13898   heap_4.o
      3104        208        393         57         72      15591   hostpcdebug_at24cxxmem.o
      2336         58        119         12          0      11851   hostpcdisplay.o
       316         38          0          0        276       1971   i2c.o
       148          0          0          0          0       3830   list.o
       328         10          0          0          0       9952   main.o
       958         92          0         12          0      13081   port.o
      1872         22          0          0         64      15129   queue.o
       200         16          0          0         32       1719   rtc.o
       328         32         20          1          0     772500   sd_diskio.o
       356         38          0          0        324       1999   sdio.o
      2234        182         39          5        484      10566   spi.o
        36          8        392          0       2560        844   startup_stm32f407xx.o
       158         20          0          4          0       4743   stm32f4xx_hal.o
      2810         30          0          0          0       9006   stm32f4xx_hal_can.o
       338         22          0          0          0      31865   stm32f4xx_hal_cortex.o
      1284         20          8          0          0       6562   stm32f4xx_hal_dma.o
       532         46          0          0          0       3101   stm32f4xx_hal_gpio.o
      5728         62          0          0          0      31180   stm32f4xx_hal_i2c.o
        86          0          0          0          0        554   stm32f4xx_hal_msp.o
      1844         80          0          0          0       5784   stm32f4xx_hal_rcc.o
       440         20          0          0          0       1488   stm32f4xx_hal_rcc_ex.o
       932         14          0          0          0       6094   stm32f4xx_hal_rtc.o
       136          0          0          0          0       2708   stm32f4xx_hal_rtc_ex.o
      3832         12          0          0          0      20186   stm32f4xx_hal_sd.o
       892          0          0          0          0       4525   stm32f4xx_hal_spi.o
      2002         88          0          0          0      16936   stm32f4xx_hal_tim.o
       102          0          0          0          0       2514   stm32f4xx_hal_tim_ex.o
      2372         42          0          0          0      15558   stm32f4xx_hal_uart.o
       352        120          0          0          0      14282   stm32f4xx_it.o
      2090         40          0          0          0      25551   stm32f4xx_ll_sdmmc.o
         0          0          0          0          0       1472   syscall.o
       100         18         24          4          0       1287   system_stm32f4xx.o
      3858        476          0         60        240      30706   tasks.o
       652         70          0         16        120       4596   tim.o
      1268        118          0         20         40      12794   timers.o
      1012        106          0          0        832       4331   usart.o

    ----------------------------------------------------------------------
     66646       3970       2464        556      36772    1303563   Object Totals
         0          0         32          0          0          0   (incl. Generated)
        62          0         10         13          0          0   (incl. Padding)

    ----------------------------------------------------------------------

      Code (inc. data)   RO Data    RW Data    ZI Data      Debug   Library Member Name

        56          0          0          0          0      16919   arm_pid_init_f32.o
        20          0          0          0          0        124   fabs.o
        86          0          0          0          0          0   __dczerorl2.o
         0          0          0          0          0          0   entry.o
         0          0          0          0          0          0   entry10a.o
         0          0          0          0          0          0   entry11a.o
         8          4          0          0          0          0   entry2.o
         4          0          0          0          0          0   entry5.o
         0          0          0          0          0          0   entry7b.o
         0          0          0          0          0          0   entry8b.o
         8          4          0          0          0          0   entry9a.o
        30          0          0          0          0          0   handlers.o
        36          8          0          0          0         68   init.o
         0          0          0          0          0          0   iusefp.o
        30          0          0          0          0         68   llshl.o
        36          0          0          0          0         68   llsshr.o
        32          0          0          0          0         68   llushr.o
       188         20          0          0          0        160   malloc.o
        36          0          0          0          0         68   memcpya.o
        36          0          0          0          0        108   memseta.o
         0          0          0          8          0          0   mvars.o
        36          0          0          0          0         80   strstr.o
        48          0          0          0          0         68   cdcmple.o
        48          0          0          0          0         68   cdrcmple.o
        56          0          0          0          0         88   d2f.o
       334          0          0          0          0        148   dadd.o
       222          0          0          0          0        100   ddiv.o
       186          0          0          0          0        176   depilogue.o
        50          0          0          0          0         76   dfixui.o
        34          0          0          0          0         76   dflti.o
        26          0          0          0          0         76   dfltui.o
       228          0          0          0          0         96   dmul.o
        38          0          0          0          0         68   f2d.o
       110          0          0          0          0        168   fepilogue.o

    ----------------------------------------------------------------------
      2026         36          0          8          0      18939   Library Totals
         4          0          0          0          0          0   (incl. Padding)

    ----------------------------------------------------------------------

      Code (inc. data)   RO Data    RW Data    ZI Data      Debug   Library Name

        56          0          0          0          0      16919   arm_cortexM4lf_math.lib
        20          0          0          0          0        124   m_wm.l
       566         36          0          8          0        688   mc_w.l
      1380          0          0          0          0       1208   mf_w.l

    ----------------------------------------------------------------------
      2026         36          0          8          0      18939   Library Totals

    ----------------------------------------------------------------------

==============================================================================


      Code (inc. data)   RO Data    RW Data    ZI Data      Debug   

     68672       4006       2464        564      36772    1272150   Grand Totals
     68672       4006       2464        136      36772    1272150   ELF Image Totals (compressed)
     68672       4006       2464        136          0          0   ROM Totals

==============================================================================

    Total RO  Size (Code + RO Data)                71136 (  69.47kB)
    Total RW  Size (RW Data + ZI Data)             37336 (  36.46kB)
    Total ROM Size (Code + RO Data + RW Data)      71272 (  69.60kB)

==============================================================================

